===== CUDA_LAUNCH_BLOCKING=1 static step mode=packed =====
[build] packed modules=111 mib=4295.7
[cfg] layer_types=['conv', 'conv', 'full_attention', 'conv', 'conv', 'conv', 'full_attention', 'conv', 'conv', 'conv', 'full_attention', 'conv', 'conv', 'conv', 'full_attention', 'conv', 'conv', 'conv', 'full_attention', 'conv', 'conv', 'full_attention', 'conv', 'conv']
[transformers] The following generation flags are not valid and may be ignored: ['temperature', 'top_k']. Set `TRANSFORMERS_VERBOSITY=info` for more details.
[transformers] Passing `generation_config` together with generation-related arguments=({'return_dict_in_generate'}) is deprecated and will be removed in future versions. Please pass either a `generation_config` object OR all generation parameters explicitly, but not both.
[transformers] Both `max_new_tokens` (=231) and `max_length`(=256) seem to have been set. `max_new_tokens` will take precedence. Please refer to the documentation for more information. (https://huggingface.co/docs/transformers/main/en/main_classes/text_generation)
[prefill] prompt=25 warm=231 cache=StaticCache capacity=255 seq=256 {'()': [6], '(1, 8, 255, 64)': [12]}
[prefill] kind=static:StaticCache decode_at=254
[cache] len(layers)=24 num_hidden_layers=24
  layer[ 0] conv             LinearAttentionLayer       {'conv_states': {0: tensor([[[ 0.0000, -0.0000,  0.0000],
         [-0.0232, -0.0391, -0.2178],
         [ 0.0068, -0.0017, -0.0152],
         ...,
         [ 0.0112,  0.0265, -0.0737],
         [-0.0000, -0.0000, -0.0000],
         [-0.0000, -0.0000,  0.0000]]], device='cuda:0', dtype=torch.bfloat16)}}
  layer[ 1] conv             LinearAttentionLayer       {'conv_states': {0: tensor([[[ 1.2188e+00,  9.0234e-01,  1.7812e+00],
         [-7.5195e-02,  1.0986e-03, -9.2773e-03],
         [-4.6387e-02, -1.3733e-02, -5.2795e-03],
         ...,
         [ 9.0820e-02,  1.6235e-02,  6.1035e-02],
         [ 3.0518e-02, -2.2949e-02, -3.3447e-02],
         [ 3.1281e-03,  1.0986e-02, -7.5684e-03]]], device='cuda:0',
       dtype=torch.bfloat16)}}
  layer[ 2] full_attention   StaticLayer                {'keys': (1, 8, 255, 64), 'values': (1, 8, 255, 64), 'cumulative_length': (), 'is_initialized': True}
  layer[ 3] conv             LinearAttentionLayer       {'conv_states': {0: tensor([[[-0.0050,  0.0058,  0.0098],
         [-0.0120,  0.0011,  0.0220],
         [-0.0225,  0.0317,  0.0170],
         ...,
         [ 0.0005,  0.0006,  0.0041],
         [-0.0432, -0.0266, -0.0381],
         [-0.0337,  0.0123,  0.0182]]], device='cuda:0', dtype=torch.bfloat16)}}
  layer[ 4] conv             LinearAttentionLayer       {'conv_states': {0: tensor([[[ 0.1060,  0.1934,  0.2227],
         [-0.0092,  0.0166, -0.2812],
         [-0.5156, -0.1416, -0.0579],
         ...,
         [ 0.0059, -0.0388, -0.0009],
         [ 0.0679,  0.0403, -0.2207],
         [-0.0115,  0.0337,  0.0122]]], device='cuda:0', dtype=torch.bfloat16)}}
  layer[ 5] conv             LinearAttentionLayer       {'conv_states': {0: tensor([[[ 0.3203,  0.1865,  0.3730],
         [-0.9883, -0.4648, -0.9961],
         [-0.0466, -0.0266, -0.0157],
         ...,
         [-0.1279, -0.0537,  0.0591],
         [-0.0249, -0.0219,  0.0051],
         [-0.0449, -0.1270,  0.1104]]], device='cuda:0', dtype=torch.bfloat16)}}
  layer[ 6] full_attention   StaticLayer                {'keys': (1, 8, 255, 64), 'values': (1, 8, 255, 64), 'cumulative_length': (), 'is_initialized': True}
  layer[ 7] conv             LinearAttentionLayer       {'conv_states': {0: tensor([[[ 0.5938,  0.2256,  0.3672],
         [-0.0408, -0.0466, -0.1777],
         [ 0.1670, -0.1001,  0.0564],
         ...,
         [ 0.0786, -0.1514, -0.2832],
         [ 0.0579, -0.4668, -0.2637],
         [ 0.0698, -0.0554, -0.0284]]], device='cuda:0', dtype=torch.bfloat16)}}
  layer[ 8] conv             LinearAttentionLayer       {'conv_states': {0: tensor([[[-0.4473, -0.6484, -0.4707],
         [-0.1143,  0.0176, -0.1484],
         [-0.0574,  0.0007,  0.0645],
         ...,
         [ 0.2305,  0.3887,  0.3516],
         [-0.0181, -0.0444,  0.0040],
         [-0.3848, -0.4492, -0.3223]]], device='cuda:0', dtype=torch.bfloat16)}}
  layer[ 9] conv             LinearAttentionLayer       {'conv_states': {0: tensor([[[ 0.0986,  0.0376,  0.1270],
         [ 0.0569,  0.0079,  0.0028],
         [-0.0732, -0.0076, -0.0272],
         ...,
         [ 0.2168,  0.0383,  0.2969],
         [-0.0486,  0.0150, -0.0513],
         [-0.0791,  0.0703, -0.0566]]], device='cuda:0', dtype=torch.bfloat16)}}
  layer[10] full_attention   StaticLayer                {'keys': (1, 8, 255, 64), 'values': (1, 8, 255, 64), 'cumulative_length': (), 'is_initialized': True}
  layer[11] conv             LinearAttentionLayer       {'conv_states': {0: tensor([[[ 0.0618,  0.1001,  0.0713],
         [ 0.1680, -0.0757, -0.2168],
         [ 0.3691,  0.1040,  0.3945],
         ...,
         [-0.1641, -0.0125, -0.0640],
         [-0.0518, -0.2520, -0.2158],
         [-0.2383, -0.2637, -0.2695]]], device='cuda:0', dtype=torch.bfloat16)}}
  layer[12] conv             LinearAttentionLayer       {'conv_states': {0: tensor([[[-0.1279, -0.1592, -0.1128],
         [ 0.2676,  0.3516,  0.1885],
         [-0.0688,  0.1289, -0.0186],
         ...,
         [-0.0203,  0.0069,  0.0164],
         [ 0.1826, -0.0869,  0.1074],
         [ 0.0903,  0.1357,  0.2256]]], device='cuda:0', dtype=torch.bfloat16)}}
  layer[13] conv             LinearAttentionLayer       {'conv_states': {0: tensor([[[ 0.0806,  0.2324,  0.2285],
         [-0.0510,  0.1206, -0.1436],
         [ 0.7695,  0.1631,  0.3672],
         ...,
         [ 0.0011, -0.0205,  0.1631],
         [-0.0008,  0.0708,  0.0270],
         [-0.0125,  0.0040, -0.0332]]], device='cuda:0', dtype=torch.bfloat16)}}
  layer[14] full_attention   StaticLayer                {'keys': (1, 8, 255, 64), 'values': (1, 8, 255, 64), 'cumulative_length': (), 'is_initialized': True}
  layer[15] conv             LinearAttentionLayer       {'conv_states': {0: tensor([[[-0.0337, -0.2734, -0.0388],
         [-0.4297, -0.6211, -0.4551],
         [ 0.1436, -0.2539, -0.2354],
         ...,
         [-0.1504,  0.2432, -0.1670],
         [ 0.1328,  0.1680,  0.4688],
         [-0.0391,  0.2207,  0.1865]]], device='cuda:0', dtype=torch.bfloat16)}}
  layer[16] conv             LinearAttentionLayer       {'conv_states': {0: tensor([[[ 0.6367,  1.7031,  0.9492],
         [ 0.5781,  0.2598, -0.0349],
         [-0.3730, -0.1299, -0.0549],
         ...,
         [ 0.1377,  0.0593, -0.0244],
         [-0.4277, -0.3926, -0.2949],
         [ 0.2207,  0.2480,  0.0752]]], device='cuda:0', dtype=torch.bfloat16)}}
  layer[17] conv             LinearAttentionLayer       {'conv_states': {0: tensor([[[-0.0044,  0.0091,  0.3066],
         [ 0.1221,  0.0427, -0.0283],
         [ 0.6484,  1.0703,  1.0625],
         ...,
         [-0.5586, -1.2188, -0.9922],
         [ 0.0613, -0.1504, -0.2695],
         [ 0.5273,  0.6094,  0.4805]]], device='cuda:0', dtype=torch.bfloat16)}}
  layer[18] full_attention   StaticLayer                {'keys': (1, 8, 255, 64), 'values': (1, 8, 255, 64), 'cumulative_length': (), 'is_initialized': True}
  layer[19] conv             LinearAttentionLayer       {'conv_states': {0: tensor([[[ 0.1738,  1.3828, -0.6953],
         [-0.1396,  0.0566, -0.1436],
         [ 0.0693,  0.0408, -0.3613],
         ...,
         [ 0.0469,  0.3438,  0.0850],
         [ 0.1904, -0.0640,  0.4434],
         [ 0.8281,  0.9570,  1.1953]]], device='cuda:0', dtype=torch.bfloat16)}}
  layer[20] conv             LinearAttentionLayer       {'conv_states': {0: tensor([[[-0.0081, -0.0179, -0.0227],
         [-0.3281, -0.7734, -0.2793],
         [ 0.5195,  0.4258,  1.0547],
         ...,
         [ 0.4375, -2.7812, -3.2969],
         [ 1.3984,  0.5039,  1.3359],
         [ 0.0894, -0.0111, -0.0075]]], device='cuda:0', dtype=torch.bfloat16)}}
  layer[21] full_attention   StaticLayer                {'keys': (1, 8, 255, 64), 'values': (1, 8, 255, 64), 'cumulative_length': (), 'is_initialized': True}
  layer[22] conv             LinearAttentionLayer       {'conv_states': {0: tensor([[[ 1.4258e-01,  4.6875e-02,  6.5613e-03],
         [ 2.2969e+00, -7.7637e-02, -4.3869e-05],
         [ 5.4688e-02,  1.8750e-01, -1.3574e-01],
         ...,
         [-8.5449e-02,  2.8320e-02, -1.1426e-01],
         [ 3.1445e-01,  5.7422e-01,  2.7539e-01],
         [ 1.1328e-01, -5.6396e-02,  3.4375e-01]]], device='cuda:0',
       dtype=torch.bfloat16)}}
  layer[23] conv             LinearAttentionLayer       {'conv_states': {0: tensor([[[-1.1641, -0.0327, -0.7070],
         [ 1.0625,  1.4375,  1.7500],
         [-2.7344, -1.6094, -2.4688],
         ...,
         [ 3.3594,  1.9531,  3.5312],
         [-0.0249,  0.4883, -0.3379],
         [-0.2051, -1.7422, -0.3145]]], device='cuda:0', dtype=torch.bfloat16)}}
/pytorch/aten/src/ATen/native/cuda/IndexKernel.cu:193: operator(): block: [0,0,0], thread: [0,0,0] Assertion `idx >= 0 && idx < self_dim_size && "index_copy_(): index out of bounds"` failed.
/pytorch/aten/src/ATen/native/cuda/IndexKernel.cu:193: operator(): block: [0,0,0], thread: [1,0,0] Assertion `idx >= 0 && idx < self_dim_size && "index_copy_(): index out of bounds"` failed.
/pytorch/aten/src/ATen/native/cuda/IndexKernel.cu:193: operator(): block: [0,0,0], thread: [2,0,0] Assertion `idx >= 0 && idx < self_dim_size && "index_copy_(): index out of bounds"` failed.
/pytorch/aten/src/ATen/native/cuda/IndexKernel.cu:193: operator(): block: [0,0,0], thread: [3,0,0] Assertion `idx >= 0 && idx < self_dim_size && "index_copy_(): index out of bounds"` failed.
/pytorch/aten/src/ATen/native/cuda/IndexKernel.cu:193: operator(): block: [0,0,0], thread: [4,0,0] Assertion `idx >= 0 && idx < self_dim_size && "index_copy_(): index out of bounds"` failed.
/pytorch/aten/src/ATen/native/cuda/IndexKernel.cu:193: operator(): block: [0,0,0], thread: [5,0,0] Assertion `idx >= 0 && idx < self_dim_size && "index_copy_(): index out of bounds"` failed.
/pytorch/aten/src/ATen/native/cuda/IndexKernel.cu:193: operator(): block: [0,0,0], thread: [6,0,0] Assertion `idx >= 0 && idx < self_dim_size && "index_copy_(): index out of bounds"` failed.
/pytorch/aten/src/ATen/native/cuda/IndexKernel.cu:193: operator(): block: [0,0,0], thread: [7,0,0] Assertion `idx >= 0 && idx < self_dim_size && "index_copy_(): index out of bounds"` failed.
/pytorch/aten/src/ATen/native/cuda/IndexKernel.cu:193: operator(): block: [0,0,0], thread: [8,0,0] Assertion `idx >= 0 && idx < self_dim_size && "index_copy_(): index out of bounds"` failed.
/pytorch/aten/src/ATen/native/cuda/IndexKernel.cu:193: operator(): block: [0,0,0], thread: [9,0,0] Assertion `idx >= 0 && idx < self_dim_size && "index_copy_(): index out of bounds"` failed.
/pytorch/aten/src/ATen/native/cuda/IndexKernel.cu:193: operator(): block: [0,0,0], thread: [10,0,0] Assertion `idx >= 0 && idx < self_dim_size && "index_copy_(): index out of bounds"` failed.
/pytorch/aten/src/ATen/native/cuda/IndexKernel.cu:193: operator(): block: [0,0,0], thread: [11,0,0] Assertion `idx >= 0 && idx < self_dim_size && "index_copy_(): index out of bounds"` failed.
/pytorch/aten/src/ATen/native/cuda/IndexKernel.cu:193: operator(): block: [0,0,0], thread: [12,0,0] Assertion `idx >= 0 && idx < self_dim_size && "index_copy_(): index out of bounds"` failed.
/pytorch/aten/src/ATen/native/cuda/IndexKernel.cu:193: operator(): block: [0,0,0], thread: [13,0,0] Assertion `idx >= 0 && idx < self_dim_size && "index_copy_(): index out of bounds"` failed.
/pytorch/aten/src/ATen/native/cuda/IndexKernel.cu:193: operator(): block: [0,0,0], thread: [14,0,0] Assertion `idx >= 0 && idx < self_dim_size && "index_copy_(): index out of bounds"` failed.
/pytorch/aten/src/ATen/native/cuda/IndexKernel.cu:193: operator(): block: [0,0,0], thread: [15,0,0] Assertion `idx >= 0 && idx < self_dim_size && "index_copy_(): index out of bounds"` failed.
/pytorch/aten/src/ATen/native/cuda/IndexKernel.cu:193: operator(): block: [0,0,0], thread: [16,0,0] Assertion `idx >= 0 && idx < self_dim_size && "index_copy_(): index out of bounds"` failed.
/pytorch/aten/src/ATen/native/cuda/IndexKernel.cu:193: operator(): block: [0,0,0], thread: [17,0,0] Assertion `idx >= 0 && idx < self_dim_size && "index_copy_(): index out of bounds"` failed.
/pytorch/aten/src/ATen/native/cuda/IndexKernel.cu:193: operator(): block: [0,0,0], thread: [18,0,0] Assertion `idx >= 0 && idx < self_dim_size && "index_copy_(): index out of bounds"` failed.
/pytorch/aten/src/ATen/native/cuda/IndexKernel.cu:193: operator(): block: [0,0,0], thread: [19,0,0] Assertion `idx >= 0 && idx < self_dim_size && "index_copy_(): index out of bounds"` failed.
/pytorch/aten/src/ATen/native/cuda/IndexKernel.cu:193: operator(): block: [0,0,0], thread: [20,0,0] Assertion `idx >= 0 && idx < self_dim_size && "index_copy_(): index out of bounds"` failed.
/pytorch/aten/src/ATen/native/cuda/IndexKernel.cu:193: operator(): block: [0,0,0], thread: [21,0,0] Assertion `idx >= 0 && idx < self_dim_size && "index_copy_(): index out of bounds"` failed.
/pytorch/aten/src/ATen/native/cuda/IndexKernel.cu:193: operator(): block: [0,0,0], thread: [22,0,0] Assertion `idx >= 0 && idx < self_dim_size && "index_copy_(): index out of bounds"` failed.
/pytorch/aten/src/ATen/native/cuda/IndexKernel.cu:193: operator(): block: [0,0,0], thread: [23,0,0] Assertion `idx >= 0 && idx < self_dim_size && "index_copy_(): index out of bounds"` failed.
/pytorch/aten/src/ATen/native/cuda/IndexKernel.cu:193: operator(): block: [0,0,0], thread: [24,0,0] Assertion `idx >= 0 && idx < self_dim_size && "index_copy_(): index out of bounds"` failed.
/pytorch/aten/src/ATen/native/cuda/IndexKernel.cu:193: operator(): block: [0,0,0], thread: [25,0,0] Assertion `idx >= 0 && idx < self_dim_size && "index_copy_(): index out of bounds"` failed.
/pytorch/aten/src/ATen/native/cuda/IndexKernel.cu:193: operator(): block: [0,0,0], thread: [26,0,0] Assertion `idx >= 0 && idx < self_dim_size && "index_copy_(): index out of bounds"` failed.
/pytorch/aten/src/ATen/native/cuda/IndexKernel.cu:193: operator(): block: [0,0,0], thread: [27,0,0] Assertion `idx >= 0 && idx < self_dim_size && "index_copy_(): index out of bounds"` failed.
/pytorch/aten/src/ATen/native/cuda/IndexKernel.cu:193: operator(): block: [0,0,0], thread: [28,0,0] Assertion `idx >= 0 && idx < self_dim_size && "index_copy_(): index out of bounds"` failed.
/pytorch/aten/src/ATen/native/cuda/IndexKernel.cu:193: operator(): block: [0,0,0], thread: [29,0,0] Assertion `idx >= 0 && idx < self_dim_size && "index_copy_(): index out of bounds"` failed.
/pytorch/aten/src/ATen/native/cuda/IndexKernel.cu:193: operator(): block: [0,0,0], thread: [30,0,0] Assertion `idx >= 0 && idx < self_dim_size && "index_copy_(): index out of bounds"` failed.
/pytorch/aten/src/ATen/native/cuda/IndexKernel.cu:193: operator(): block: [0,0,0], thread: [31,0,0] Assertion `idx >= 0 && idx < self_dim_size && "index_copy_(): index out of bounds"` failed.
/pytorch/aten/src/ATen/native/cuda/IndexKernel.cu:193: operator(): block: [0,0,0], thread: [64,0,0] Assertion `idx >= 0 && idx < self_dim_size && "index_copy_(): index out of bounds"` failed.
/pytorch/aten/src/ATen/native/cuda/IndexKernel.cu:193: operator(): block: [0,0,0], thread: [65,0,0] Assertion `idx >= 0 && idx < self_dim_size && "index_copy_(): index out of bounds"` failed.
/pytorch/aten/src/ATen/native/cuda/IndexKernel.cu:193: operator(): block: [0,0,0], thread: [66,0,0] Assertion `idx >= 0 && idx < self_dim_size && "index_copy_(): index out of bounds"` failed.
/pytorch/aten/src/ATen/native/cuda/IndexKernel.cu:193: operator(): block: [0,0,0], thread: [67,0,0] Assertion `idx >= 0 && idx < self_dim_size && "index_copy_(): index out of bounds"` failed.
/pytorch/aten/src/ATen/native/cuda/IndexKernel.cu:193: operator(): block: [0,0,0], thread: [68,0,0] Assertion `idx >= 0 && idx < self_dim_size && "index_copy_(): index out of bounds"` failed.
/pytorch/aten/src/ATen/native/cuda/IndexKernel.cu:193: operator(): block: [0,0,0], thread: [69,0,0] Assertion `idx >= 0 && idx < self_dim_size && "index_copy_(): index out of bounds"` failed.
/pytorch/aten/src/ATen/native/cuda/IndexKernel.cu:193: operator(): block: [0,0,0], thread: [70,0,0] Assertion `idx >= 0 && idx < self_dim_size && "index_copy_(): index out of bounds"` failed.
/pytorch/aten/src/ATen/native/cuda/IndexKernel.cu:193: operator(): block: [0,0,0], thread: [71,0,0] Assertion `idx >= 0 && idx < self_dim_size && "index_copy_(): index out of bounds"` failed.
/pytorch/aten/src/ATen/native/cuda/IndexKernel.cu:193: operator(): block: [0,0,0], thread: [72,0,0] Assertion `idx >= 0 && idx < self_dim_size && "index_copy_(): index out of bounds"` failed.
/pytorch/aten/src/ATen/native/cuda/IndexKernel.cu:193: operator(): block: [0,0,0], thread: [73,0,0] Assertion `idx >= 0 && idx < self_dim_size && "index_copy_(): index out of bounds"` failed.
/pytorch/aten/src/ATen/native/cuda/IndexKernel.cu:193: operator(): block: [0,0,0], thread: [74,0,0] Assertion `idx >= 0 && idx < self_dim_size && "index_copy_(): index out of bounds"` failed.
/pytorch/aten/src/ATen/native/cuda/IndexKernel.cu:193: operator(): block: [0,0,0], thread: [75,0,0] Assertion `idx >= 0 && idx < self_dim_size && "index_copy_(): index out of bounds"` failed.
/pytorch/aten/src/ATen/native/cuda/IndexKernel.cu:193: operator(): block: [0,0,0], thread: [76,0,0] Assertion `idx >= 0 && idx < self_dim_size && "index_copy_(): index out of bounds"` failed.
/pytorch/aten/src/ATen/native/cuda/IndexKernel.cu:193: operator(): block: [0,0,0], thread: [77,0,0] Assertion `idx >= 0 && idx < self_dim_size && "index_copy_(): index out of bounds"` failed.
/pytorch/aten/src/ATen/native/cuda/IndexKernel.cu:193: operator(): block: [0,0,0], thread: [78,0,0] Assertion `idx >= 0 && idx < self_dim_size && "index_copy_(): index out of bounds"` failed.
/pytorch/aten/src/ATen/native/cuda/IndexKernel.cu:193: operator(): block: [0,0,0], thread: [79,0,0] Assertion `idx >= 0 && idx < self_dim_size && "index_copy_(): index out of bounds"` failed.
/pytorch/aten/src/ATen/native/cuda/IndexKernel.cu:193: operator(): block: [0,0,0], thread: [80,0,0] Assertion `idx >= 0 && idx < self_dim_size && "index_copy_(): index out of bounds"` failed.
/pytorch/aten/src/ATen/native/cuda/IndexKernel.cu:193: operator(): block: [0,0,0], thread: [81,0,0] Assertion `idx >= 0 && idx < self_dim_size && "index_copy_(): index out of bounds"` failed.
/pytorch/aten/src/ATen/native/cuda/IndexKernel.cu:193: operator(): block: [0,0,0], thread: [82,0,0] Assertion `idx >= 0 && idx < self_dim_size && "index_copy_(): index out of bounds"` failed.
/pytorch/aten/src/ATen/native/cuda/IndexKernel.cu:193: operator(): block: [0,0,0], thread: [83,0,0] Assertion `idx >= 0 && idx < self_dim_size && "index_copy_(): index out of bounds"` failed.
/pytorch/aten/src/ATen/native/cuda/IndexKernel.cu:193: operator(): block: [0,0,0], thread: [84,0,0] Assertion `idx >= 0 && idx < self_dim_size && "index_copy_(): index out of bounds"` failed.
/pytorch/aten/src/ATen/native/cuda/IndexKernel.cu:193: operator(): block: [0,0,0], thread: [85,0,0] Assertion `idx >= 0 && idx < self_dim_size && "index_copy_(): index out of bounds"` failed.
/pytorch/aten/src/ATen/native/cuda/IndexKernel.cu:193: operator(): block: [0,0,0], thread: [86,0,0] Assertion `idx >= 0 && idx < self_dim_size && "index_copy_(): index out of bounds"` failed.
/pytorch/aten/src/ATen/native/cuda/IndexKernel.cu:193: operator(): block: [0,0,0], thread: [87,0,0] Assertion `idx >= 0 && idx < self_dim_size && "index_copy_(): index out of bounds"` failed.
/pytorch/aten/src/ATen/native/cuda/IndexKernel.cu:193: operator(): block: [0,0,0], thread: [88,0,0] Assertion `idx >= 0 && idx < self_dim_size && "index_copy_(): index out of bounds"` failed.
/pytorch/aten/src/ATen/native/cuda/IndexKernel.cu:193: operator(): block: [0,0,0], thread: [89,0,0] Assertion `idx >= 0 && idx < self_dim_size && "index_copy_(): index out of bounds"` failed.
/pytorch/aten/src/ATen/native/cuda/IndexKernel.cu:193: operator(): block: [0,0,0], thread: [90,0,0] Assertion `idx >= 0 && idx < self_dim_size && "index_copy_(): index out of bounds"` failed.
/pytorch/aten/src/ATen/native/cuda/IndexKernel.cu:193: operator(): block: [0,0,0], thread: [91,0,0] Assertion `idx >= 0 && idx < self_dim_size && "index_copy_(): index out of bounds"` failed.
/pytorch/aten/src/ATen/native/cuda/IndexKernel.cu:193: operator(): block: [0,0,0], thread: [92,0,0] Assertion `idx >= 0 && idx < self_dim_size && "index_copy_(): index out of bounds"` failed.
/pytorch/aten/src/ATen/native/cuda/IndexKernel.cu:193: operator(): block: [0,0,0], thread: [93,0,0] Assertion `idx >= 0 && idx < self_dim_size && "index_copy_(): index out of bounds"` failed.
/pytorch/aten/src/ATen/native/cuda/IndexKernel.cu:193: operator(): block: [0,0,0], thread: [94,0,0] Assertion `idx >= 0 && idx < self_dim_size && "index_copy_(): index out of bounds"` failed.
/pytorch/aten/src/ATen/native/cuda/IndexKernel.cu:193: operator(): block: [0,0,0], thread: [95,0,0] Assertion `idx >= 0 && idx < self_dim_size && "index_copy_(): index out of bounds"` failed.
/pytorch/aten/src/ATen/native/cuda/IndexKernel.cu:193: operator(): block: [0,0,0], thread: [32,0,0] Assertion `idx >= 0 && idx < self_dim_size && "index_copy_(): index out of bounds"` failed.
/pytorch/aten/src/ATen/native/cuda/IndexKernel.cu:193: operator(): block: [0,0,0], thread: [33,0,0] Assertion `idx >= 0 && idx < self_dim_size && "index_copy_(): index out of bounds"` failed.
/pytorch/aten/src/ATen/native/cuda/IndexKernel.cu:193: operator(): block: [0,0,0], thread: [34,0,0] Assertion `idx >= 0 && idx < self_dim_size && "index_copy_(): index out of bounds"` failed.
/pytorch/aten/src/ATen/native/cuda/IndexKernel.cu:193: operator(): block: [0,0,0], thread: [35,0,0] Assertion `idx >= 0 && idx < self_dim_size && "index_copy_(): index out of bounds"` failed.
/pytorch/aten/src/ATen/native/cuda/IndexKernel.cu:193: operator(): block: [0,0,0], thread: [36,0,0] Assertion `idx >= 0 && idx < self_dim_size && "index_copy_(): index out of bounds"` failed.
/pytorch/aten/src/ATen/native/cuda/IndexKernel.cu:193: operator(): block: [0,0,0], thread: [37,0,0] Assertion `idx >= 0 && idx < self_dim_size && "index_copy_(): index out of bounds"` failed.
/pytorch/aten/src/ATen/native/cuda/IndexKernel.cu:193: operator(): block: [0,0,0], thread: [38,0,0] Assertion `idx >= 0 && idx < self_dim_size && "index_copy_(): index out of bounds"` failed.
/pytorch/aten/src/ATen/native/cuda/IndexKernel.cu:193: operator(): block: [0,0,0], thread: [39,0,0] Assertion `idx >= 0 && idx < self_dim_size && "index_copy_(): index out of bounds"` failed.
/pytorch/aten/src/ATen/native/cuda/IndexKernel.cu:193: operator(): block: [0,0,0], thread: [40,0,0] Assertion `idx >= 0 && idx < self_dim_size && "index_copy_(): index out of bounds"` failed.
/pytorch/aten/src/ATen/native/cuda/IndexKernel.cu:193: operator(): block: [0,0,0], thread: [41,0,0] Assertion `idx >= 0 && idx < self_dim_size && "index_copy_(): index out of bounds"` failed.
/pytorch/aten/src/ATen/native/cuda/IndexKernel.cu:193: operator(): block: [0,0,0], thread: [42,0,0] Assertion `idx >= 0 && idx < self_dim_size && "index_copy_(): index out of bounds"` failed.
/pytorch/aten/src/ATen/native/cuda/IndexKernel.cu:193: operator(): block: [0,0,0], thread: [43,0,0] Assertion `idx >= 0 && idx < self_dim_size && "index_copy_(): index out of bounds"` failed.
/pytorch/aten/src/ATen/native/cuda/IndexKernel.cu:193: operator(): block: [0,0,0], thread: [44,0,0] Assertion `idx >= 0 && idx < self_dim_size && "index_copy_(): index out of bounds"` failed.
/pytorch/aten/src/ATen/native/cuda/IndexKernel.cu:193: operator(): block: [0,0,0], thread: [45,0,0] Assertion `idx >= 0 && idx < self_dim_size && "index_copy_(): index out of bounds"` failed.
/pytorch/aten/src/ATen/native/cuda/IndexKernel.cu:193: operator(): block: [0,0,0], thread: [46,0,0] Assertion `idx >= 0 && idx < self_dim_size && "index_copy_(): index out of bounds"` failed.
/pytorch/aten/src/ATen/native/cuda/IndexKernel.cu:193: operator(): block: [0,0,0], thread: [47,0,0] Assertion `idx >= 0 && idx < self_dim_size && "index_copy_(): index out of bounds"` failed.
/pytorch/aten/src/ATen/native/cuda/IndexKernel.cu:193: operator(): block: [0,0,0], thread: [48,0,0] Assertion `idx >= 0 && idx < self_dim_size && "index_copy_(): index out of bounds"` failed.
/pytorch/aten/src/ATen/native/cuda/IndexKernel.cu:193: operator(): block: [0,0,0], thread: [49,0,0] Assertion `idx >= 0 && idx < self_dim_size && "index_copy_(): index out of bounds"` failed.
/pytorch/aten/src/ATen/native/cuda/IndexKernel.cu:193: operator(): block: [0,0,0], thread: [50,0,0] Assertion `idx >= 0 && idx < self_dim_size && "index_copy_(): index out of bounds"` failed.
/pytorch/aten/src/ATen/native/cuda/IndexKernel.cu:193: operator(): block: [0,0,0], thread: [51,0,0] Assertion `idx >= 0 && idx < self_dim_size && "index_copy_(): index out of bounds"` failed.
/pytorch/aten/src/ATen/native/cuda/IndexKernel.cu:193: operator(): block: [0,0,0], thread: [52,0,0] Assertion `idx >= 0 && idx < self_dim_size && "index_copy_(): index out of bounds"` failed.
/pytorch/aten/src/ATen/native/cuda/IndexKernel.cu:193: operator(): block: [0,0,0], thread: [53,0,0] Assertion `idx >= 0 && idx < self_dim_size && "index_copy_(): index out of bounds"` failed.
/pytorch/aten/src/ATen/native/cuda/IndexKernel.cu:193: operator(): block: [0,0,0], thread: [54,0,0] Assertion `idx >= 0 && idx < self_dim_size && "index_copy_(): index out of bounds"` failed.
/pytorch/aten/src/ATen/native/cuda/IndexKernel.cu:193: operator(): block: [0,0,0], thread: [55,0,0] Assertion `idx >= 0 && idx < self_dim_size && "index_copy_(): index out of bounds"` failed.
/pytorch/aten/src/ATen/native/cuda/IndexKernel.cu:193: operator(): block: [0,0,0], thread: [56,0,0] Assertion `idx >= 0 && idx < self_dim_size && "index_copy_(): index out of bounds"` failed.
/pytorch/aten/src/ATen/native/cuda/IndexKernel.cu:193: operator(): block: [0,0,0], thread: [57,0,0] Assertion `idx >= 0 && idx < self_dim_size && "index_copy_(): index out of bounds"` failed.
/pytorch/aten/src/ATen/native/cuda/IndexKernel.cu:193: operator(): block: [0,0,0], thread: [58,0,0] Assertion `idx >= 0 && idx < self_dim_size && "index_copy_(): index out of bounds"` failed.
/pytorch/aten/src/ATen/native/cuda/IndexKernel.cu:193: operator(): block: [0,0,0], thread: [59,0,0] Assertion `idx >= 0 && idx < self_dim_size && "index_copy_(): index out of bounds"` failed.
/pytorch/aten/src/ATen/native/cuda/IndexKernel.cu:193: operator(): block: [0,0,0], thread: [60,0,0] Assertion `idx >= 0 && idx < self_dim_size && "index_copy_(): index out of bounds"` failed.
/pytorch/aten/src/ATen/native/cuda/IndexKernel.cu:193: operator(): block: [0,0,0], thread: [61,0,0] Assertion `idx >= 0 && idx < self_dim_size && "index_copy_(): index out of bounds"` failed.
/pytorch/aten/src/ATen/native/cuda/IndexKernel.cu:193: operator(): block: [0,0,0], thread: [62,0,0] Assertion `idx >= 0 && idx < self_dim_size && "index_copy_(): index out of bounds"` failed.
/pytorch/aten/src/ATen/native/cuda/IndexKernel.cu:193: operator(): block: [0,0,0], thread: [63,0,0] Assertion `idx >= 0 && idx < self_dim_size && "index_copy_(): index out of bounds"` failed.
/pytorch/aten/src/ATen/native/cuda/IndexKernel.cu:193: operator(): block: [0,0,0], thread: [96,0,0] Assertion `idx >= 0 && idx < self_dim_size && "index_copy_(): index out of bounds"` failed.
/pytorch/aten/src/ATen/native/cuda/IndexKernel.cu:193: operator(): block: [0,0,0], thread: [97,0,0] Assertion `idx >= 0 && idx < self_dim_size && "index_copy_(): index out of bounds"` failed.
/pytorch/aten/src/ATen/native/cuda/IndexKernel.cu:193: operator(): block: [0,0,0], thread: [98,0,0] Assertion `idx >= 0 && idx < self_dim_size && "index_copy_(): index out of bounds"` failed.
/pytorch/aten/src/ATen/native/cuda/IndexKernel.cu:193: operator(): block: [0,0,0], thread: [99,0,0] Assertion `idx >= 0 && idx < self_dim_size && "index_copy_(): index out of bounds"` failed.
/pytorch/aten/src/ATen/native/cuda/IndexKernel.cu:193: operator(): block: [0,0,0], thread: [100,0,0] Assertion `idx >= 0 && idx < self_dim_size && "index_copy_(): index out of bounds"` failed.
/pytorch/aten/src/ATen/native/cuda/IndexKernel.cu:193: operator(): block: [0,0,0], thread: [101,0,0] Assertion `idx >= 0 && idx < self_dim_size && "index_copy_(): index out of bounds"` failed.
/pytorch/aten/src/ATen/native/cuda/IndexKernel.cu:193: operator(): block: [0,0,0], thread: [102,0,0] Assertion `idx >= 0 && idx < self_dim_size && "index_copy_(): index out of bounds"` failed.
/pytorch/aten/src/ATen/native/cuda/IndexKernel.cu:193: operator(): block: [0,0,0], thread: [103,0,0] Assertion `idx >= 0 && idx < self_dim_size && "index_copy_(): index out of bounds"` failed.
/pytorch/aten/src/ATen/native/cuda/IndexKernel.cu:193: operator(): block: [0,0,0], thread: [104,0,0] Assertion `idx >= 0 && idx < self_dim_size && "index_copy_(): index out of bounds"` failed.
/pytorch/aten/src/ATen/native/cuda/IndexKernel.cu:193: operator(): block: [0,0,0], thread: [105,0,0] Assertion `idx >= 0 && idx < self_dim_size && "index_copy_(): index out of bounds"` failed.
/pytorch/aten/src/ATen/native/cuda/IndexKernel.cu:193: operator(): block: [0,0,0], thread: [106,0,0] Assertion `idx >= 0 && idx < self_dim_size && "index_copy_(): index out of bounds"` failed.
/pytorch/aten/src/ATen/native/cuda/IndexKernel.cu:193: operator(): block: [0,0,0], thread: [107,0,0] Assertion `idx >= 0 && idx < self_dim_size && "index_copy_(): index out of bounds"` failed.
/pytorch/aten/src/ATen/native/cuda/IndexKernel.cu:193: operator(): block: [0,0,0], thread: [108,0,0] Assertion `idx >= 0 && idx < self_dim_size && "index_copy_(): index out of bounds"` failed.
/pytorch/aten/src/ATen/native/cuda/IndexKernel.cu:193: operator(): block: [0,0,0], thread: [109,0,0] Assertion `idx >= 0 && idx < self_dim_size && "index_copy_(): index out of bounds"` failed.
/pytorch/aten/src/ATen/native/cuda/IndexKernel.cu:193: operator(): block: [0,0,0], thread: [110,0,0] Assertion `idx >= 0 && idx < self_dim_size && "index_copy_(): index out of bounds"` failed.
/pytorch/aten/src/ATen/native/cuda/IndexKernel.cu:193: operator(): block: [0,0,0], thread: [111,0,0] Assertion `idx >= 0 && idx < self_dim_size && "index_copy_(): index out of bounds"` failed.
/pytorch/aten/src/ATen/native/cuda/IndexKernel.cu:193: operator(): block: [0,0,0], thread: [112,0,0] Assertion `idx >= 0 && idx < self_dim_size && "index_copy_(): index out of bounds"` failed.
/pytorch/aten/src/ATen/native/cuda/IndexKernel.cu:193: operator(): block: [0,0,0], thread: [113,0,0] Assertion `idx >= 0 && idx < self_dim_size && "index_copy_(): index out of bounds"` failed.
/pytorch/aten/src/ATen/native/cuda/IndexKernel.cu:193: operator(): block: [0,0,0], thread: [114,0,0] Assertion `idx >= 0 && idx < self_dim_size && "index_copy_(): index out of bounds"` failed.
/pytorch/aten/src/ATen/native/cuda/IndexKernel.cu:193: operator(): block: [0,0,0], thread: [115,0,0] Assertion `idx >= 0 && idx < self_dim_size && "index_copy_(): index out of bounds"` failed.
/pytorch/aten/src/ATen/native/cuda/IndexKernel.cu:193: operator(): block: [0,0,0], thread: [116,0,0] Assertion `idx >= 0 && idx < self_dim_size && "index_copy_(): index out of bounds"` failed.
/pytorch/aten/src/ATen/native/cuda/IndexKernel.cu:193: operator(): block: [0,0,0], thread: [117,0,0] Assertion `idx >= 0 && idx < self_dim_size && "index_copy_(): index out of bounds"` failed.
/pytorch/aten/src/ATen/native/cuda/IndexKernel.cu:193: operator(): block: [0,0,0], thread: [118,0,0] Assertion `idx >= 0 && idx < self_dim_size && "index_copy_(): index out of bounds"` failed.
/pytorch/aten/src/ATen/native/cuda/IndexKernel.cu:193: operator(): block: [0,0,0], thread: [119,0,0] Assertion `idx >= 0 && idx < self_dim_size && "index_copy_(): index out of bounds"` failed.
/pytorch/aten/src/ATen/native/cuda/IndexKernel.cu:193: operator(): block: [0,0,0], thread: [120,0,0] Assertion `idx >= 0 && idx < self_dim_size && "index_copy_(): index out of bounds"` failed.
/pytorch/aten/src/ATen/native/cuda/IndexKernel.cu:193: operator(): block: [0,0,0], thread: [121,0,0] Assertion `idx >= 0 && idx < self_dim_size && "index_copy_(): index out of bounds"` failed.
/pytorch/aten/src/ATen/native/cuda/IndexKernel.cu:193: operator(): block: [0,0,0], thread: [122,0,0] Assertion `idx >= 0 && idx < self_dim_size && "index_copy_(): index out of bounds"` failed.
/pytorch/aten/src/ATen/native/cuda/IndexKernel.cu:193: operator(): block: [0,0,0], thread: [123,0,0] Assertion `idx >= 0 && idx < self_dim_size && "index_copy_(): index out of bounds"` failed.
/pytorch/aten/src/ATen/native/cuda/IndexKernel.cu:193: operator(): block: [0,0,0], thread: [124,0,0] Assertion `idx >= 0 && idx < self_dim_size && "index_copy_(): index out of bounds"` failed.
/pytorch/aten/src/ATen/native/cuda/IndexKernel.cu:193: operator(): block: [0,0,0], thread: [125,0,0] Assertion `idx >= 0 && idx < self_dim_size && "index_copy_(): index out of bounds"` failed.
/pytorch/aten/src/ATen/native/cuda/IndexKernel.cu:193: operator(): block: [0,0,0], thread: [126,0,0] Assertion `idx >= 0 && idx < self_dim_size && "index_copy_(): index out of bounds"` failed.
/pytorch/aten/src/ATen/native/cuda/IndexKernel.cu:193: operator(): block: [0,0,0], thread: [127,0,0] Assertion `idx >= 0 && idx < self_dim_size && "index_copy_(): index out of bounds"` failed.
Traceback (most recent call last):
  File "/workspace/gdiag2.py", line 76, in <module>
    model(input_ids=nxt, past_key_values=kv, cache_position=pos, use_cache=True)
  File "/venv/omni/lib/python3.12/site-packages/torch/nn/modules/module.py", line 1779, in _wrapped_call_impl
    return self._call_impl(*args, **kwargs)
           ^^^^^^^^^^^^^^^^^^^^^^^^^^^^^^^^
  File "/venv/omni/lib/python3.12/site-packages/torch/nn/modules/module.py", line 1790, in _call_impl
    return forward_call(*args, **kwargs)
           ^^^^^^^^^^^^^^^^^^^^^^^^^^^^^
  File "/venv/omni/lib/python3.12/site-packages/transformers/utils/generic.py", line 911, in wrapper
    output = func(self, *args, **kwargs)
             ^^^^^^^^^^^^^^^^^^^^^^^^^^^
  File "/venv/omni/lib/python3.12/site-packages/transformers/models/lfm2_moe/modeling_lfm2_moe.py", line 714, in forward
    outputs: BaseModelOutputWithPast = self.model(
                                       ^^^^^^^^^^^
  File "/venv/omni/lib/python3.12/site-packages/torch/nn/modules/module.py", line 1779, in _wrapped_call_impl
    return self._call_impl(*args, **kwargs)
           ^^^^^^^^^^^^^^^^^^^^^^^^^^^^^^^^
  File "/venv/omni/lib/python3.12/site-packages/torch/nn/modules/module.py", line 1790, in _call_impl
    return forward_call(*args, **kwargs)
           ^^^^^^^^^^^^^^^^^^^^^^^^^^^^^
  File "/venv/omni/lib/python3.12/site-packages/transformers/utils/generic.py", line 1040, in wrapper
    output = func(self, *args, **kwargs)
             ^^^^^^^^^^^^^^^^^^^^^^^^^^^
  File "/venv/omni/lib/python3.12/site-packages/transformers/utils/output_capturing.py", line 262, in wrapper
    outputs = func(self, *args, **kwargs)
              ^^^^^^^^^^^^^^^^^^^^^^^^^^^
  File "/venv/omni/lib/python3.12/site-packages/transformers/models/lfm2_moe/modeling_lfm2_moe.py", line 651, in forward
    hidden_states = decoder_layer(
                    ^^^^^^^^^^^^^^
  File "/venv/omni/lib/python3.12/site-packages/transformers/modeling_layers.py", line 110, in __call__
    return super().__call__(*args, **kwargs)
           ^^^^^^^^^^^^^^^^^^^^^^^^^^^^^^^^^
  File "/venv/omni/lib/python3.12/site-packages/torch/nn/modules/module.py", line 1779, in _wrapped_call_impl
    return self._call_impl(*args, **kwargs)
           ^^^^^^^^^^^^^^^^^^^^^^^^^^^^^^^^
  File "/venv/omni/lib/python3.12/site-packages/torch/nn/modules/module.py", line 1790, in _call_impl
    return forward_call(*args, **kwargs)
           ^^^^^^^^^^^^^^^^^^^^^^^^^^^^^
  File "/venv/omni/lib/python3.12/site-packages/transformers/models/lfm2_moe/modeling_lfm2_moe.py", line 535, in forward
    hidden_states, _ = self.self_attn(
                       ^^^^^^^^^^^^^^^
  File "/venv/omni/lib/python3.12/site-packages/torch/nn/modules/module.py", line 1779, in _wrapped_call_impl
    return self._call_impl(*args, **kwargs)
           ^^^^^^^^^^^^^^^^^^^^^^^^^^^^^^^^
  File "/venv/omni/lib/python3.12/site-packages/torch/nn/modules/module.py", line 1790, in _call_impl
    return forward_call(*args, **kwargs)
           ^^^^^^^^^^^^^^^^^^^^^^^^^^^^^
  File "/venv/omni/lib/python3.12/site-packages/transformers/models/lfm2_moe/modeling_lfm2_moe.py", line 349, in forward
    key_states, value_states = past_key_values.update(key_states, value_states, self.layer_idx)
                               ^^^^^^^^^^^^^^^^^^^^^^^^^^^^^^^^^^^^^^^^^^^^^^^^^^^^^^^^^^^^^^^^
  File "/venv/omni/lib/python3.12/site-packages/transformers/cache_utils.py", line 1304, in update
    keys, values = self.layers[layer_idx].update(key_states, value_states, *args, **kwargs)
                   ^^^^^^^^^^^^^^^^^^^^^^^^^^^^^^^^^^^^^^^^^^^^^^^^^^^^^^^^^^^^^^^^^^^^^^^^
  File "/venv/omni/lib/python3.12/site-packages/transformers/cache_utils.py", line 426, in update
    self.keys.index_copy_(2, cache_position, key_states)
torch.AcceleratorError: CUDA error: device-side assert triggered
Search for `cudaErrorAssert' in https://docs.nvidia.com/cuda/cuda-runtime-api/group__CUDART__TYPES.html for more information.
Compile with `TORCH_USE_CUDA_DSA` to enable device-side assertions.
EAGER STEP FAILED
===== CUDA_LAUNCH_BLOCKING=1 static step mode=dense =====
[build] dense mib=16151.2
[cfg] layer_types=['conv', 'conv', 'full_attention', 'conv', 'conv', 'conv', 'full_attention', 'conv', 'conv', 'conv', 'full_attention', 'conv', 'conv', 'conv', 'full_attention', 'conv', 'conv', 'conv', 'full_attention', 'conv', 'conv', 'full_attention', 'conv', 'conv']
[transformers] The following generation flags are not valid and may be ignored: ['temperature', 'top_k']. Set `TRANSFORMERS_VERBOSITY=info` for more details.
[transformers] Passing `generation_config` together with generation-related arguments=({'return_dict_in_generate'}) is deprecated and will be removed in future versions. Please pass either a `generation_config` object OR all generation parameters explicitly, but not both.
[transformers] Both `max_new_tokens` (=231) and `max_length`(=256) seem to have been set. `max_new_tokens` will take precedence. Please refer to the documentation for more information. (https://huggingface.co/docs/transformers/main/en/main_classes/text_generation)
/venv/omni/lib/python3.12/site-packages/torch/_inductor/compile_fx.py:322: UserWarning: TensorFloat32 tensor cores for float32 matrix multiplication available but not enabled. Consider setting `torch.set_float32_matmul_precision('high')` for better performance.
  warnings.warn(
W0815 09:30:06.411000 35901 torch/_inductor/utils.py:1731] [0/0] Not enough SMs to use max_autotune_gemm mode
[prefill] prompt=25 warm=231 cache=StaticCache capacity=255 seq=256 {'()': [6], '(1, 8, 255, 64)': [12]}
[prefill] kind=static:StaticCache decode_at=254
[cache] len(layers)=24 num_hidden_layers=24
  layer[ 0] conv             LinearAttentionLayer       {'conv_states': {0: tensor([[[ 0.0000,  0.0000,  0.0000],
         [-0.0537, -0.0300,  0.0167],
         [-0.1396, -0.0034, -0.0063],
         ...,
         [ 0.0654,  0.2285,  0.2969],
         [ 0.0000,  0.0000,  0.0000],
         [ 0.0000,  0.0000,  0.0000]]], device='cuda:0', dtype=torch.bfloat16)}}
  layer[ 1] conv             LinearAttentionLayer       {'conv_states': {0: tensor([[[ 1.3203e+00,  1.2734e+00,  1.3516e+00],
         [ 2.2461e-02, -2.9602e-03,  3.9307e-02],
         [-1.3367e-02, -4.4434e-02, -3.6133e-02],
         ...,
         [ 2.4121e-01,  8.1787e-03, -2.1118e-02],
         [ 1.0742e-01,  1.1597e-02,  5.0049e-02],
         [ 8.8379e-02, -3.0060e-03,  8.5831e-06]]], device='cuda:0',
       dtype=torch.bfloat16)}}
  layer[ 2] full_attention   StaticLayer                {'keys': (1, 8, 255, 64), 'values': (1, 8, 255, 64), 'cumulative_length': (), 'is_initialized': True}
  layer[ 3] conv             LinearAttentionLayer       {'conv_states': {0: tensor([[[ 2.2888e-03,  7.5378e-03,  9.7656e-04],
         [-1.7188e-01,  1.1047e-02, -4.1809e-03],
         [ 3.7909e-05, -1.3855e-02,  1.7334e-02],
         ...,
         [-5.6839e-04,  1.0620e-02,  1.5259e-02],
         [-4.4250e-03, -7.0801e-02, -3.4424e-02],
         [ 4.0588e-03, -1.3611e-02,  1.6937e-03]]], device='cuda:0',
       dtype=torch.bfloat16)}}
  layer[ 4] conv             LinearAttentionLayer       {'conv_states': {0: tensor([[[ 0.3047,  0.3164,  0.2422],
         [-0.0042, -0.1367, -0.1118],
         [-0.0309,  0.0198,  0.0510],
         ...,
         [ 0.0474, -0.1074, -0.0569],
         [ 0.0679,  0.0684,  0.0442],
         [ 0.0186, -0.0208, -0.0342]]], device='cuda:0', dtype=torch.bfloat16)}}
  layer[ 5] conv             LinearAttentionLayer       {'conv_states': {0: tensor([[[ 3.2227e-01,  3.8477e-01,  4.7461e-01],
         [-7.4609e-01, -8.2031e-01, -1.0312e+00],
         [ 6.3324e-04, -4.8096e-02, -8.6426e-02],
         ...,
         [-6.8359e-02, -1.8262e-01, -1.5918e-01],
         [-3.7956e-04, -4.6692e-03, -1.5545e-04],
         [ 1.2756e-02, -1.3867e-01, -8.3496e-02]]], device='cuda:0',
       dtype=torch.bfloat16)}}
  layer[ 6] full_attention   StaticLayer                {'keys': (1, 8, 255, 64), 'values': (1, 8, 255, 64), 'cumulative_length': (), 'is_initialized': True}
  layer[ 7] conv             LinearAttentionLayer       {'conv_states': {0: tensor([[[ 0.3828,  0.2168,  0.3438],
         [-0.0781, -0.0522, -0.0068],
         [-0.0728,  0.0107,  0.1738],
         ...,
         [ 0.4258, -0.1592, -0.0854],
         [-0.6797, -0.4258, -0.2480],
         [ 0.0117, -0.0674,  0.0272]]], device='cuda:0', dtype=torch.bfloat16)}}
  layer[ 8] conv             LinearAttentionLayer       {'conv_states': {0: tensor([[[-0.5195, -0.3555, -0.3379],
         [-0.2490, -0.1914, -0.2227],
         [-0.0679, -0.0535, -0.2178],
         ...,
         [ 0.1729,  0.2383,  0.1216],
         [-0.0144, -0.0016, -0.0027],
         [-0.4043, -0.2480, -0.1777]]], device='cuda:0', dtype=torch.bfloat16)}}
  layer[ 9] conv             LinearAttentionLayer       {'conv_states': {0: tensor([[[ 0.2969,  0.1455,  0.1670],
         [ 0.0063,  0.0221,  0.0153],
         [ 0.0078, -0.0062,  0.0018],
         ...,
         [ 0.0776,  0.1089,  0.0342],
         [-0.0135, -0.0283, -0.0500],
         [-0.0454, -0.0854, -0.0737]]], device='cuda:0', dtype=torch.bfloat16)}}
  layer[10] full_attention   StaticLayer                {'keys': (1, 8, 255, 64), 'values': (1, 8, 255, 64), 'cumulative_length': (), 'is_initialized': True}
  layer[11] conv             LinearAttentionLayer       {'conv_states': {0: tensor([[[ 0.0664, -0.0408,  0.0400],
         [ 0.2656,  0.9453,  1.0859],
         [-0.3203,  0.0674, -0.0583],
         ...,
         [-0.0952, -0.1895, -0.1709],
         [-0.0403, -0.2656, -0.2275],
         [-0.2578, -0.5547, -0.4648]]], device='cuda:0', dtype=torch.bfloat16)}}
  layer[12] conv             LinearAttentionLayer       {'conv_states': {0: tensor([[[ 0.7031,  0.3066,  0.3105],
         [ 0.0879,  0.0554,  0.0474],
         [-0.6367, -0.4043, -0.2891],
         ...,
         [ 0.0121, -0.0047,  0.0151],
         [-0.0281, -0.5938, -0.2207],
         [-0.3066, -0.0493, -0.0835]]], device='cuda:0', dtype=torch.bfloat16)}}
  layer[13] conv             LinearAttentionLayer       {'conv_states': {0: tensor([[[-1.1426e-01, -3.4766e-01, -1.0742e-01],
         [ 1.5137e-01,  2.2168e-01,  9.8633e-02],
         [ 7.6172e-01, -1.9141e-01,  7.2656e-01],
         ...,
         [ 2.0898e-01,  1.2402e-01,  9.0820e-02],
         [-6.2256e-02, -9.2285e-02, -8.7891e-02],
         [ 1.1169e-02, -4.1260e-02, -1.8692e-04]]], device='cuda:0',
       dtype=torch.bfloat16)}}
  layer[14] full_attention   StaticLayer                {'keys': (1, 8, 255, 64), 'values': (1, 8, 255, 64), 'cumulative_length': (), 'is_initialized': True}
  layer[15] conv             LinearAttentionLayer       {'conv_states': {0: tensor([[[-0.0879,  0.0126,  0.1592],
         [-0.3711, -0.7305, -0.4727],
         [ 0.1270,  0.3184,  0.1118],
         ...,
         [-0.5469, -1.1172, -0.8359],
         [-0.2637,  0.1934, -0.2295],
         [ 0.0021, -0.0703,  0.0260]]], device='cuda:0', dtype=torch.bfloat16)}}
  layer[16] conv             LinearAttentionLayer       {'conv_states': {0: tensor([[[ 1.4219,  1.4453,  2.8750],
         [ 0.5078,  0.1328,  0.1611],
         [-0.2637, -0.4297, -0.3047],
         ...,
         [ 0.4199,  0.2910,  0.2617],
         [-0.4277, -0.2832, -0.1787],
         [ 0.6602,  0.4648,  0.3633]]], device='cuda:0', dtype=torch.bfloat16)}}
  layer[17] conv             LinearAttentionLayer       {'conv_states': {0: tensor([[[-0.1396, -0.0796, -0.2051],
         [-0.0918, -0.0139, -0.0064],
         [ 0.7266,  0.6797,  0.7539],
         ...,
         [-0.5156, -0.7227, -0.6523],
         [ 0.7070,  0.3750,  0.4297],
         [-0.2520, -0.2363, -0.2031]]], device='cuda:0', dtype=torch.bfloat16)}}
  layer[18] full_attention   StaticLayer                {'keys': (1, 8, 255, 64), 'values': (1, 8, 255, 64), 'cumulative_length': (), 'is_initialized': True}
  layer[19] conv             LinearAttentionLayer       {'conv_states': {0: tensor([[[-0.7930, -0.8320, -0.6680],
         [-0.0393, -0.1484, -0.1245],
         [ 0.2217, -0.2451, -0.5078],
         ...,
         [-0.1221, -0.0640, -0.0193],
         [-0.0378, -0.1670, -0.5234],
         [ 1.2734,  1.1328,  1.0312]]], device='cuda:0', dtype=torch.bfloat16)}}
  layer[20] conv             LinearAttentionLayer       {'conv_states': {0: tensor([[[-1.5820e-01, -4.2236e-02, -1.7700e-03],
         [ 3.1055e-01, -5.6250e-01, -9.7656e-01],
         [ 2.5977e-01,  2.4512e-01,  1.4453e-01],
         ...,
         [-3.0469e-01, -2.1250e+00, -3.0625e+00],
         [-2.6367e-01, -2.0117e-01,  2.5391e-01],
         [ 1.4282e-02,  1.1349e-04, -9.4604e-03]]], device='cuda:0',
       dtype=torch.bfloat16)}}
  layer[21] full_attention   StaticLayer                {'keys': (1, 8, 255, 64), 'values': (1, 8, 255, 64), 'cumulative_length': (), 'is_initialized': True}
  layer[22] conv             LinearAttentionLayer       {'conv_states': {0: tensor([[[ 0.2354,  0.0064,  0.0811],
         [ 0.0155,  0.0187,  0.0165],
         [-0.2031,  0.0082,  0.0562],
         ...,
         [ 0.0593,  0.0041, -0.0593],
         [-0.4375, -0.2578, -0.0703],
         [-0.0183,  0.0028,  0.0028]]], device='cuda:0', dtype=torch.bfloat16)}}
  layer[23] conv             LinearAttentionLayer       {'conv_states': {0: tensor([[[-1.2422, -0.6016, -1.2812],
         [ 1.7266,  1.5469,  2.0156],
         [-2.4844, -1.7578, -2.3281],
         ...,
         [-0.0049,  2.2500,  3.3594],
         [ 0.2266,  0.1719,  0.0090],
         [-0.4180, -0.3789, -0.6484]]], device='cuda:0', dtype=torch.bfloat16)}}
/pytorch/aten/src/ATen/native/cuda/IndexKernel.cu:193: operator(): block: [0,0,0], thread: [32,0,0] Assertion `idx >= 0 && idx < self_dim_size && "index_copy_(): index out of bounds"` failed.
/pytorch/aten/src/ATen/native/cuda/IndexKernel.cu:193: operator(): block: [0,0,0], thread: [33,0,0] Assertion `idx >= 0 && idx < self_dim_size && "index_copy_(): index out of bounds"` failed.
/pytorch/aten/src/ATen/native/cuda/IndexKernel.cu:193: operator(): block: [0,0,0], thread: [34,0,0] Assertion `idx >= 0 && idx < self_dim_size && "index_copy_(): index out of bounds"` failed.
/pytorch/aten/src/ATen/native/cuda/IndexKernel.cu:193: operator(): block: [0,0,0], thread: [35,0,0] Assertion `idx >= 0 && idx < self_dim_size && "index_copy_(): index out of bounds"` failed.
/pytorch/aten/src/ATen/native/cuda/IndexKernel.cu:193: operator(): block: [0,0,0], thread: [36,0,0] Assertion `idx >= 0 && idx < self_dim_size && "index_copy_(): index out of bounds"` failed.
/pytorch/aten/src/ATen/native/cuda/IndexKernel.cu:193: operator(): block: [0,0,0], thread: [37,0,0] Assertion `idx >= 0 && idx < self_dim_size && "index_copy_(): index out of bounds"` failed.
/pytorch/aten/src/ATen/native/cuda/IndexKernel.cu:193: operator(): block: [0,0,0], thread: [38,0,0] Assertion `idx >= 0 && idx < self_dim_size && "index_copy_(): index out of bounds"` failed.
/pytorch/aten/src/ATen/native/cuda/IndexKernel.cu:193: operator(): block: [0,0,0], thread: [39,0,0] Assertion `idx >= 0 && idx < self_dim_size && "index_copy_(): index out of bounds"` failed.
/pytorch/aten/src/ATen/native/cuda/IndexKernel.cu:193: operator(): block: [0,0,0], thread: [40,0,0] Assertion `idx >= 0 && idx < self_dim_size && "index_copy_(): index out of bounds"` failed.
/pytorch/aten/src/ATen/native/cuda/IndexKernel.cu:193: operator(): block: [0,0,0], thread: [41,0,0] Assertion `idx >= 0 && idx < self_dim_size && "index_copy_(): index out of bounds"` failed.
/pytorch/aten/src/ATen/native/cuda/IndexKernel.cu:193: operator(): block: [0,0,0], thread: [42,0,0] Assertion `idx >= 0 && idx < self_dim_size && "index_copy_(): index out of bounds"` failed.
/pytorch/aten/src/ATen/native/cuda/IndexKernel.cu:193: operator(): block: [0,0,0], thread: [43,0,0] Assertion `idx >= 0 && idx < self_dim_size && "index_copy_(): index out of bounds"` failed.
/pytorch/aten/src/ATen/native/cuda/IndexKernel.cu:193: operator(): block: [0,0,0], thread: [44,0,0] Assertion `idx >= 0 && idx < self_dim_size && "index_copy_(): index out of bounds"` failed.
/pytorch/aten/src/ATen/native/cuda/IndexKernel.cu:193: operator(): block: [0,0,0], thread: [45,0,0] Assertion `idx >= 0 && idx < self_dim_size && "index_copy_(): index out of bounds"` failed.
/pytorch/aten/src/ATen/native/cuda/IndexKernel.cu:193: operator(): block: [0,0,0], thread: [46,0,0] Assertion `idx >= 0 && idx < self_dim_size && "index_copy_(): index out of bounds"` failed.
/pytorch/aten/src/ATen/native/cuda/IndexKernel.cu:193: operator(): block: [0,0,0], thread: [47,0,0] Assertion `idx >= 0 && idx < self_dim_size && "index_copy_(): index out of bounds"` failed.
/pytorch/aten/src/ATen/native/cuda/IndexKernel.cu:193: operator(): block: [0,0,0], thread: [48,0,0] Assertion `idx >= 0 && idx < self_dim_size && "index_copy_(): index out of bounds"` failed.
/pytorch/aten/src/ATen/native/cuda/IndexKernel.cu:193: operator(): block: [0,0,0], thread: [49,0,0] Assertion `idx >= 0 && idx < self_dim_size && "index_copy_(): index out of bounds"` failed.
/pytorch/aten/src/ATen/native/cuda/IndexKernel.cu:193: operator(): block: [0,0,0], thread: [50,0,0] Assertion `idx >= 0 && idx < self_dim_size && "index_copy_(): index out of bounds"` failed.
/pytorch/aten/src/ATen/native/cuda/IndexKernel.cu:193: operator(): block: [0,0,0], thread: [51,0,0] Assertion `idx >= 0 && idx < self_dim_size && "index_copy_(): index out of bounds"` failed.
/pytorch/aten/src/ATen/native/cuda/IndexKernel.cu:193: operator(): block: [0,0,0], thread: [52,0,0] Assertion `idx >= 0 && idx < self_dim_size && "index_copy_(): index out of bounds"` failed.
/pytorch/aten/src/ATen/native/cuda/IndexKernel.cu:193: operator(): block: [0,0,0], thread: [53,0,0] Assertion `idx >= 0 && idx < self_dim_size && "index_copy_(): index out of bounds"` failed.
/pytorch/aten/src/ATen/native/cuda/IndexKernel.cu:193: operator(): block: [0,0,0], thread: [54,0,0] Assertion `idx >= 0 && idx < self_dim_size && "index_copy_(): index out of bounds"` failed.
/pytorch/aten/src/ATen/native/cuda/IndexKernel.cu:193: operator(): block: [0,0,0], thread: [55,0,0] Assertion `idx >= 0 && idx < self_dim_size && "index_copy_(): index out of bounds"` failed.
/pytorch/aten/src/ATen/native/cuda/IndexKernel.cu:193: operator(): block: [0,0,0], thread: [56,0,0] Assertion `idx >= 0 && idx < self_dim_size && "index_copy_(): index out of bounds"` failed.
/pytorch/aten/src/ATen/native/cuda/IndexKernel.cu:193: operator(): block: [0,0,0], thread: [57,0,0] Assertion `idx >= 0 && idx < self_dim_size && "index_copy_(): index out of bounds"` failed.
/pytorch/aten/src/ATen/native/cuda/IndexKernel.cu:193: operator(): block: [0,0,0], thread: [58,0,0] Assertion `idx >= 0 && idx < self_dim_size && "index_copy_(): index out of bounds"` failed.
/pytorch/aten/src/ATen/native/cuda/IndexKernel.cu:193: operator(): block: [0,0,0], thread: [59,0,0] Assertion `idx >= 0 && idx < self_dim_size && "index_copy_(): index out of bounds"` failed.
/pytorch/aten/src/ATen/native/cuda/IndexKernel.cu:193: operator(): block: [0,0,0], thread: [60,0,0] Assertion `idx >= 0 && idx < self_dim_size && "index_copy_(): index out of bounds"` failed.
/pytorch/aten/src/ATen/native/cuda/IndexKernel.cu:193: operator(): block: [0,0,0], thread: [61,0,0] Assertion `idx >= 0 && idx < self_dim_size && "index_copy_(): index out of bounds"` failed.
/pytorch/aten/src/ATen/native/cuda/IndexKernel.cu:193: operator(): block: [0,0,0], thread: [62,0,0] Assertion `idx >= 0 && idx < self_dim_size && "index_copy_(): index out of bounds"` failed.
/pytorch/aten/src/ATen/native/cuda/IndexKernel.cu:193: operator(): block: [0,0,0], thread: [63,0,0] Assertion `idx >= 0 && idx < self_dim_size && "index_copy_(): index out of bounds"` failed.
/pytorch/aten/src/ATen/native/cuda/IndexKernel.cu:193: operator(): block: [0,0,0], thread: [64,0,0] Assertion `idx >= 0 && idx < self_dim_size && "index_copy_(): index out of bounds"` failed.
/pytorch/aten/src/ATen/native/cuda/IndexKernel.cu:193: operator(): block: [0,0,0], thread: [65,0,0] Assertion `idx >= 0 && idx < self_dim_size && "index_copy_(): index out of bounds"` failed.
/pytorch/aten/src/ATen/native/cuda/IndexKernel.cu:193: operator(): block: [0,0,0], thread: [66,0,0] Assertion `idx >= 0 && idx < self_dim_size && "index_copy_(): index out of bounds"` failed.
/pytorch/aten/src/ATen/native/cuda/IndexKernel.cu:193: operator(): block: [0,0,0], thread: [67,0,0] Assertion `idx >= 0 && idx < self_dim_size && "index_copy_(): index out of bounds"` failed.
/pytorch/aten/src/ATen/native/cuda/IndexKernel.cu:193: operator(): block: [0,0,0], thread: [68,0,0] Assertion `idx >= 0 && idx < self_dim_size && "index_copy_(): index out of bounds"` failed.
/pytorch/aten/src/ATen/native/cuda/IndexKernel.cu:193: operator(): block: [0,0,0], thread: [69,0,0] Assertion `idx >= 0 && idx < self_dim_size && "index_copy_(): index out of bounds"` failed.
/pytorch/aten/src/ATen/native/cuda/IndexKernel.cu:193: operator(): block: [0,0,0], thread: [70,0,0] Assertion `idx >= 0 && idx < self_dim_size && "index_copy_(): index out of bounds"` failed.
/pytorch/aten/src/ATen/native/cuda/IndexKernel.cu:193: operator(): block: [0,0,0], thread: [71,0,0] Assertion `idx >= 0 && idx < self_dim_size && "index_copy_(): index out of bounds"` failed.
/pytorch/aten/src/ATen/native/cuda/IndexKernel.cu:193: operator(): block: [0,0,0], thread: [72,0,0] Assertion `idx >= 0 && idx < self_dim_size && "index_copy_(): index out of bounds"` failed.
/pytorch/aten/src/ATen/native/cuda/IndexKernel.cu:193: operator(): block: [0,0,0], thread: [73,0,0] Assertion `idx >= 0 && idx < self_dim_size && "index_copy_(): index out of bounds"` failed.
/pytorch/aten/src/ATen/native/cuda/IndexKernel.cu:193: operator(): block: [0,0,0], thread: [74,0,0] Assertion `idx >= 0 && idx < self_dim_size && "index_copy_(): index out of bounds"` failed.
/pytorch/aten/src/ATen/native/cuda/IndexKernel.cu:193: operator(): block: [0,0,0], thread: [75,0,0] Assertion `idx >= 0 && idx < self_dim_size && "index_copy_(): index out of bounds"` failed.
/pytorch/aten/src/ATen/native/cuda/IndexKernel.cu:193: operator(): block: [0,0,0], thread: [76,0,0] Assertion `idx >= 0 && idx < self_dim_size && "index_copy_(): index out of bounds"` failed.
/pytorch/aten/src/ATen/native/cuda/IndexKernel.cu:193: operator(): block: [0,0,0], thread: [77,0,0] Assertion `idx >= 0 && idx < self_dim_size && "index_copy_(): index out of bounds"` failed.
/pytorch/aten/src/ATen/native/cuda/IndexKernel.cu:193: operator(): block: [0,0,0], thread: [78,0,0] Assertion `idx >= 0 && idx < self_dim_size && "index_copy_(): index out of bounds"` failed.
/pytorch/aten/src/ATen/native/cuda/IndexKernel.cu:193: operator(): block: [0,0,0], thread: [79,0,0] Assertion `idx >= 0 && idx < self_dim_size && "index_copy_(): index out of bounds"` failed.
/pytorch/aten/src/ATen/native/cuda/IndexKernel.cu:193: operator(): block: [0,0,0], thread: [80,0,0] Assertion `idx >= 0 && idx < self_dim_size && "index_copy_(): index out of bounds"` failed.
/pytorch/aten/src/ATen/native/cuda/IndexKernel.cu:193: operator(): block: [0,0,0], thread: [81,0,0] Assertion `idx >= 0 && idx < self_dim_size && "index_copy_(): index out of bounds"` failed.
/pytorch/aten/src/ATen/native/cuda/IndexKernel.cu:193: operator(): block: [0,0,0], thread: [82,0,0] Assertion `idx >= 0 && idx < self_dim_size && "index_copy_(): index out of bounds"` failed.
/pytorch/aten/src/ATen/native/cuda/IndexKernel.cu:193: operator(): block: [0,0,0], thread: [83,0,0] Assertion `idx >= 0 && idx < self_dim_size && "index_copy_(): index out of bounds"` failed.
/pytorch/aten/src/ATen/native/cuda/IndexKernel.cu:193: operator(): block: [0,0,0], thread: [84,0,0] Assertion `idx >= 0 && idx < self_dim_size && "index_copy_(): index out of bounds"` failed.
/pytorch/aten/src/ATen/native/cuda/IndexKernel.cu:193: operator(): block: [0,0,0], thread: [85,0,0] Assertion `idx >= 0 && idx < self_dim_size && "index_copy_(): index out of bounds"` failed.
/pytorch/aten/src/ATen/native/cuda/IndexKernel.cu:193: operator(): block: [0,0,0], thread: [86,0,0] Assertion `idx >= 0 && idx < self_dim_size && "index_copy_(): index out of bounds"` failed.
/pytorch/aten/src/ATen/native/cuda/IndexKernel.cu:193: operator(): block: [0,0,0], thread: [87,0,0] Assertion `idx >= 0 && idx < self_dim_size && "index_copy_(): index out of bounds"` failed.
/pytorch/aten/src/ATen/native/cuda/IndexKernel.cu:193: operator(): block: [0,0,0], thread: [88,0,0] Assertion `idx >= 0 && idx < self_dim_size && "index_copy_(): index out of bounds"` failed.
/pytorch/aten/src/ATen/native/cuda/IndexKernel.cu:193: operator(): block: [0,0,0], thread: [89,0,0] Assertion `idx >= 0 && idx < self_dim_size && "index_copy_(): index out of bounds"` failed.
/pytorch/aten/src/ATen/native/cuda/IndexKernel.cu:193: operator(): block: [0,0,0], thread: [90,0,0] Assertion `idx >= 0 && idx < self_dim_size && "index_copy_(): index out of bounds"` failed.
/pytorch/aten/src/ATen/native/cuda/IndexKernel.cu:193: operator(): block: [0,0,0], thread: [91,0,0] Assertion `idx >= 0 && idx < self_dim_size && "index_copy_(): index out of bounds"` failed.
/pytorch/aten/src/ATen/native/cuda/IndexKernel.cu:193: operator(): block: [0,0,0], thread: [92,0,0] Assertion `idx >= 0 && idx < self_dim_size && "index_copy_(): index out of bounds"` failed.
/pytorch/aten/src/ATen/native/cuda/IndexKernel.cu:193: operator(): block: [0,0,0], thread: [93,0,0] Assertion `idx >= 0 && idx < self_dim_size && "index_copy_(): index out of bounds"` failed.
/pytorch/aten/src/ATen/native/cuda/IndexKernel.cu:193: operator(): block: [0,0,0], thread: [94,0,0] Assertion `idx >= 0 && idx < self_dim_size && "index_copy_(): index out of bounds"` failed.
/pytorch/aten/src/ATen/native/cuda/IndexKernel.cu:193: operator(): block: [0,0,0], thread: [95,0,0] Assertion `idx >= 0 && idx < self_dim_size && "index_copy_(): index out of bounds"` failed.
Traceback (most recent call last):
  File "/workspace/gdiag2.py", line 76, in <module>
    model(input_ids=nxt, past_key_values=kv, cache_position=pos, use_cache=True)
  File "/venv/omni/lib/python3.12/site-packages/torch/nn/modules/module.py", line 1779, in _wrapped_call_impl
    return self._call_impl(*args, **kwargs)
           ^^^^^^^^^^^^^^^^^^^^^^^^^^^^^^^^
  File "/venv/omni/lib/python3.12/site-packages/torch/nn/modules/module.py", line 1790, in _call_impl
    return forward_call(*args, **kwargs)
           ^^^^^^^^^^^^^^^^^^^^^^^^^^^^^
  File "/venv/omni/lib/python3.12/site-packages/transformers/utils/generic.py", line 911, in wrapper
    output = func(self, *args, **kwargs)
             ^^^^^^^^^^^^^^^^^^^^^^^^^^^
  File "/venv/omni/lib/python3.12/site-packages/transformers/models/lfm2_moe/modeling_lfm2_moe.py", line 714, in forward
    outputs: BaseModelOutputWithPast = self.model(
                                       ^^^^^^^^^^^
  File "/venv/omni/lib/python3.12/site-packages/torch/nn/modules/module.py", line 1779, in _wrapped_call_impl
    return self._call_impl(*args, **kwargs)
           ^^^^^^^^^^^^^^^^^^^^^^^^^^^^^^^^
  File "/venv/omni/lib/python3.12/site-packages/torch/nn/modules/module.py", line 1790, in _call_impl
    return forward_call(*args, **kwargs)
           ^^^^^^^^^^^^^^^^^^^^^^^^^^^^^
  File "/venv/omni/lib/python3.12/site-packages/transformers/utils/generic.py", line 1040, in wrapper
    output = func(self, *args, **kwargs)
             ^^^^^^^^^^^^^^^^^^^^^^^^^^^
  File "/venv/omni/lib/python3.12/site-packages/transformers/utils/output_capturing.py", line 262, in wrapper
    outputs = func(self, *args, **kwargs)
              ^^^^^^^^^^^^^^^^^^^^^^^^^^^
  File "/venv/omni/lib/python3.12/site-packages/transformers/models/lfm2_moe/modeling_lfm2_moe.py", line 651, in forward
    hidden_states = decoder_layer(
                    ^^^^^^^^^^^^^^
  File "/venv/omni/lib/python3.12/site-packages/transformers/modeling_layers.py", line 110, in __call__
    return super().__call__(*args, **kwargs)
           ^^^^^^^^^^^^^^^^^^^^^^^^^^^^^^^^^
  File "/venv/omni/lib/python3.12/site-packages/torch/nn/modules/module.py", line 1779, in _wrapped_call_impl
    return self._call_impl(*args, **kwargs)
           ^^^^^^^^^^^^^^^^^^^^^^^^^^^^^^^^
  File "/venv/omni/lib/python3.12/site-packages/torch/nn/modules/module.py", line 1790, in _call_impl
    return forward_call(*args, **kwargs)
           ^^^^^^^^^^^^^^^^^^^^^^^^^^^^^
  File "/venv/omni/lib/python3.12/site-packages/transformers/models/lfm2_moe/modeling_lfm2_moe.py", line 535, in forward
    hidden_states, _ = self.self_attn(
                       ^^^^^^^^^^^^^^^
  File "/venv/omni/lib/python3.12/site-packages/torch/nn/modules/module.py", line 1779, in _wrapped_call_impl
    return self._call_impl(*args, **kwargs)
           ^^^^^^^^^^^^^^^^^^^^^^^^^^^^^^^^
  File "/venv/omni/lib/python3.12/site-packages/torch/nn/modules/module.py", line 1790, in _call_impl
    return forward_call(*args, **kwargs)
           ^^^^^^^^^^^^^^^^^^^^^^^^^^^^^
  File "/venv/omni/lib/python3.12/site-packages/transformers/models/lfm2_moe/modeling_lfm2_moe.py", line 349, in forward
    key_states, value_states = past_key_values.update(key_states, value_states, self.layer_idx)
                               ^^^^^^^^^^^^^^^^^^^^^^^^^^^^^^^^^^^^^^^^^^^^^^^^^^^^^^^^^^^^^^^^
  File "/venv/omni/lib/python3.12/site-packages/transformers/cache_utils.py", line 1304, in update
    keys, values = self.layers[layer_idx].update(key_states, value_states, *args, **kwargs)
                   ^^^^^^^^^^^^^^^^^^^^^^^^^^^^^^^^^^^^^^^^^^^^^^^^^^^^^^^^^^^^^^^^^^^^^^^^
  File "/venv/omni/lib/python3.12/site-packages/transformers/cache_utils.py", line 426, in update
    self.keys.index_copy_(2, cache_position, key_states)
torch.AcceleratorError: CUDA error: device-side assert triggered
Search for `cudaErrorAssert' in https://docs.nvidia.com/cuda/cuda-runtime-api/group__CUDART__TYPES.html for more information.
Compile with `TORCH_USE_CUDA_DSA` to enable device-side assertions.
EAGER STEP FAILED
DIAG2 DONE
