===== bits=4 cache=default arm=step =====
[transformers] The following generation flags are not valid and may be ignored: ['temperature', 'top_k']. Set `TRANSFORMERS_VERBOSITY=info` for more details.
[transformers] Passing `generation_config` together with generation-related arguments=({'return_dict_in_generate'}) is deprecated and will be removed in future versions. Please pass either a `generation_config` object OR all generation parameters explicitly, but not both.
[transformers] Both `max_new_tokens` (=231) and `max_length`(=256) seem to have been set. `max_new_tokens` will take precedence. Please refer to the documentation for more information. (https://huggingface.co/docs/transformers/main/en/main_classes/text_generation)
[prefill] prompt=25 warm=231 cache=DynamicCache {'(1, 8, 255, 64)': [12]}
{"accounted_bits": 4.2508, "accounted_bytes": 4499378176, "argmax_agrees": false, "arm": "step", "bits": 4, "cache_arg": "default", "cache_kind": "default:DynamicCache", "captured": true, "decode_at_position": 255, "device": "NVIDIA L4", "eager_ms": 30.76915, "experts_impl_after": "dynquant", "experts_impl_before": "dynquant", "fp16_bytes": 16932405248, "group_size": 128, "iters": 50, "max_abs_delta": 15.328125, "model": "/dev/shm/lfm", "modules_packed": 111, "modules_replaced": 111, "modules_skipped": 0, "modules_tied": 1, "pack_moved_experts_from": "grouped_mm", "pack_moved_experts_to": "dynquant", "pack_seconds": 102.2, "packed_bytes": 4497670144, "removed_ms": 23.14144, "replay_ms": 7.62771, "resident_mib": 4295.7, "router_params": 1441792, "routers_left_dense": 22, "speedup": 4.034, "torch": "2.11.0+cu126"}
===== bits=4 cache=default arm=compile =====
[transformers] The following generation flags are not valid and may be ignored: ['temperature', 'top_k']. Set `TRANSFORMERS_VERBOSITY=info` for more details.
[transformers] Passing `generation_config` together with generation-related arguments=({'return_dict_in_generate'}) is deprecated and will be removed in future versions. Please pass either a `generation_config` object OR all generation parameters explicitly, but not both.
[transformers] Both `max_new_tokens` (=231) and `max_length`(=256) seem to have been set. `max_new_tokens` will take precedence. Please refer to the documentation for more information. (https://huggingface.co/docs/transformers/main/en/main_classes/text_generation)
[prefill] prompt=25 warm=231 cache=DynamicCache {'(1, 8, 255, 64)': [12]}
/venv/omni/lib/python3.12/site-packages/torch/_inductor/compile_fx.py:322: UserWarning: TensorFloat32 tensor cores for float32 matrix multiplication available but not enabled. Consider setting `torch.set_float32_matmul_precision('high')` for better performance.
  warnings.warn(
W0815 08:50:37.670000 30395 torch/_inductor/utils.py:1731] [0/0] Not enough SMs to use max_autotune_gemm mode
{"accounted_bits": 4.2508, "accounted_bytes": 4499378176, "arm": "compile", "bits": 4, "cache_arg": "default", "captured": false, "device": "NVIDIA L4", "error": "RuntimeError: Error: accessing tensor output of CUDAGraphs that has been overwritten by a subsequent run. Stack trace: File \"/venv/omni/lib/python3.12/site-packages/transformers/utils/generic.py\", line 911, in wrapper", "experts_impl_after": "dynquant", "experts_impl_before": "dynquant", "fp16_bytes": 16932405248, "group_size": 128, "iters": 50, "model": "/dev/shm/lfm", "modules_packed": 111, "modules_replaced": 111, "modules_skipped": 0, "modules_tied": 1, "pack_moved_experts_from": "grouped_mm", "pack_moved_experts_to": "dynquant", "pack_seconds": 100.0, "packed_bytes": 4497670144, "resident_mib": 4295.7, "router_params": 1441792, "routers_left_dense": 22, "torch": "2.11.0+cu126", "traceback_tail": "    self.keys = torch.cat([self.keys, key_states], dim=-2). To prevent overwriting, clone the tensor outside of torch.compile() or call torch.compiler.cudagraph_mark_step_begin() before each model invocation."}
===== bits=3 cache=default arm=step =====
[transformers] The following generation flags are not valid and may be ignored: ['temperature', 'top_k']. Set `TRANSFORMERS_VERBOSITY=info` for more details.
[transformers] Passing `generation_config` together with generation-related arguments=({'return_dict_in_generate'}) is deprecated and will be removed in future versions. Please pass either a `generation_config` object OR all generation parameters explicitly, but not both.
[transformers] Both `max_new_tokens` (=231) and `max_length`(=256) seem to have been set. `max_new_tokens` will take precedence. Please refer to the documentation for more information. (https://huggingface.co/docs/transformers/main/en/main_classes/text_generation)
[prefill] prompt=25 warm=231 cache=DynamicCache {'(1, 8, 255, 64)': [12]}
{"accounted_bits": 3.251, "accounted_bytes": 3441102848, "argmax_agrees": false, "arm": "step", "bits": 3, "cache_arg": "default", "cache_kind": "default:DynamicCache", "captured": true, "decode_at_position": 255, "device": "NVIDIA L4", "eager_ms": 30.96166, "experts_impl_after": "dynquant", "experts_impl_before": "dynquant", "fp16_bytes": 16932405248, "group_size": 128, "iters": 50, "max_abs_delta": 18.375, "model": "/dev/shm/lfm", "modules_packed": 111, "modules_replaced": 111, "modules_skipped": 0, "modules_tied": 1, "pack_moved_experts_from": "grouped_mm", "pack_moved_experts_to": "dynquant", "pack_seconds": 100.3, "packed_bytes": 3439394816, "removed_ms": 23.93251, "replay_ms": 7.02915, "resident_mib": 3286.7, "router_params": 1441792, "routers_left_dense": 22, "speedup": 4.405, "torch": "2.11.0+cu126"}
===== bits=3 cache=default arm=compile =====
[transformers] The following generation flags are not valid and may be ignored: ['temperature', 'top_k']. Set `TRANSFORMERS_VERBOSITY=info` for more details.
[transformers] Passing `generation_config` together with generation-related arguments=({'return_dict_in_generate'}) is deprecated and will be removed in future versions. Please pass either a `generation_config` object OR all generation parameters explicitly, but not both.
[transformers] Both `max_new_tokens` (=231) and `max_length`(=256) seem to have been set. `max_new_tokens` will take precedence. Please refer to the documentation for more information. (https://huggingface.co/docs/transformers/main/en/main_classes/text_generation)
[prefill] prompt=25 warm=231 cache=DynamicCache {'(1, 8, 255, 64)': [12]}
/venv/omni/lib/python3.12/site-packages/torch/_inductor/compile_fx.py:322: UserWarning: TensorFloat32 tensor cores for float32 matrix multiplication available but not enabled. Consider setting `torch.set_float32_matmul_precision('high')` for better performance.
  warnings.warn(
W0815 08:55:55.478000 31181 torch/_inductor/utils.py:1731] [0/0] Not enough SMs to use max_autotune_gemm mode
{"accounted_bits": 3.251, "accounted_bytes": 3441102848, "arm": "compile", "bits": 3, "cache_arg": "default", "captured": false, "device": "NVIDIA L4", "error": "RuntimeError: Error: accessing tensor output of CUDAGraphs that has been overwritten by a subsequent run. Stack trace: File \"/venv/omni/lib/python3.12/site-packages/transformers/utils/generic.py\", line 911, in wrapper", "experts_impl_after": "dynquant", "experts_impl_before": "dynquant", "fp16_bytes": 16932405248, "group_size": 128, "iters": 50, "model": "/dev/shm/lfm", "modules_packed": 111, "modules_replaced": 111, "modules_skipped": 0, "modules_tied": 1, "pack_moved_experts_from": "grouped_mm", "pack_moved_experts_to": "dynquant", "pack_seconds": 100.4, "packed_bytes": 3439394816, "resident_mib": 3286.7, "router_params": 1441792, "routers_left_dense": 22, "torch": "2.11.0+cu126", "traceback_tail": "    self.keys = torch.cat([self.keys, key_states], dim=-2). To prevent overwriting, clone the tensor outside of torch.compile() or call torch.compiler.cudagraph_mark_step_begin() before each model invocation."}
===== DIAGNOSTIC bits=4 cache=static arm=step CUDA_LAUNCH_BLOCKING=1 =====
/pytorch/aten/src/ATen/native/cuda/IndexKernel.cu:193: operator(): block: [0,0,0], thread: [57,0,0] Assertion `idx >= 0 && idx < self_dim_size && "index_copy_(): index out of bounds"` failed.
/pytorch/aten/src/ATen/native/cuda/IndexKernel.cu:193: operator(): block: [0,0,0], thread: [58,0,0] Assertion `idx >= 0 && idx < self_dim_size && "index_copy_(): index out of bounds"` failed.
/pytorch/aten/src/ATen/native/cuda/IndexKernel.cu:193: operator(): block: [0,0,0], thread: [59,0,0] Assertion `idx >= 0 && idx < self_dim_size && "index_copy_(): index out of bounds"` failed.
/pytorch/aten/src/ATen/native/cuda/IndexKernel.cu:193: operator(): block: [0,0,0], thread: [60,0,0] Assertion `idx >= 0 && idx < self_dim_size && "index_copy_(): index out of bounds"` failed.
/pytorch/aten/src/ATen/native/cuda/IndexKernel.cu:193: operator(): block: [0,0,0], thread: [61,0,0] Assertion `idx >= 0 && idx < self_dim_size && "index_copy_(): index out of bounds"` failed.
/pytorch/aten/src/ATen/native/cuda/IndexKernel.cu:193: operator(): block: [0,0,0], thread: [62,0,0] Assertion `idx >= 0 && idx < self_dim_size && "index_copy_(): index out of bounds"` failed.
/pytorch/aten/src/ATen/native/cuda/IndexKernel.cu:193: operator(): block: [0,0,0], thread: [63,0,0] Assertion `idx >= 0 && idx < self_dim_size && "index_copy_(): index out of bounds"` failed.
/pytorch/aten/src/ATen/native/cuda/IndexKernel.cu:193: operator(): block: [0,0,0], thread: [96,0,0] Assertion `idx >= 0 && idx < self_dim_size && "index_copy_(): index out of bounds"` failed.
/pytorch/aten/src/ATen/native/cuda/IndexKernel.cu:193: operator(): block: [0,0,0], thread: [97,0,0] Assertion `idx >= 0 && idx < self_dim_size && "index_copy_(): index out of bounds"` failed.
/pytorch/aten/src/ATen/native/cuda/IndexKernel.cu:193: operator(): block: [0,0,0], thread: [98,0,0] Assertion `idx >= 0 && idx < self_dim_size && "index_copy_(): index out of bounds"` failed.
/pytorch/aten/src/ATen/native/cuda/IndexKernel.cu:193: operator(): block: [0,0,0], thread: [99,0,0] Assertion `idx >= 0 && idx < self_dim_size && "index_copy_(): index out of bounds"` failed.
/pytorch/aten/src/ATen/native/cuda/IndexKernel.cu:193: operator(): block: [0,0,0], thread: [100,0,0] Assertion `idx >= 0 && idx < self_dim_size && "index_copy_(): index out of bounds"` failed.
/pytorch/aten/src/ATen/native/cuda/IndexKernel.cu:193: operator(): block: [0,0,0], thread: [101,0,0] Assertion `idx >= 0 && idx < self_dim_size && "index_copy_(): index out of bounds"` failed.
/pytorch/aten/src/ATen/native/cuda/IndexKernel.cu:193: operator(): block: [0,0,0], thread: [102,0,0] Assertion `idx >= 0 && idx < self_dim_size && "index_copy_(): index out of bounds"` failed.
/pytorch/aten/src/ATen/native/cuda/IndexKernel.cu:193: operator(): block: [0,0,0], thread: [103,0,0] Assertion `idx >= 0 && idx < self_dim_size && "index_copy_(): index out of bounds"` failed.
/pytorch/aten/src/ATen/native/cuda/IndexKernel.cu:193: operator(): block: [0,0,0], thread: [104,0,0] Assertion `idx >= 0 && idx < self_dim_size && "index_copy_(): index out of bounds"` failed.
/pytorch/aten/src/ATen/native/cuda/IndexKernel.cu:193: operator(): block: [0,0,0], thread: [105,0,0] Assertion `idx >= 0 && idx < self_dim_size && "index_copy_(): index out of bounds"` failed.
/pytorch/aten/src/ATen/native/cuda/IndexKernel.cu:193: operator(): block: [0,0,0], thread: [106,0,0] Assertion `idx >= 0 && idx < self_dim_size && "index_copy_(): index out of bounds"` failed.
/pytorch/aten/src/ATen/native/cuda/IndexKernel.cu:193: operator(): block: [0,0,0], thread: [107,0,0] Assertion `idx >= 0 && idx < self_dim_size && "index_copy_(): index out of bounds"` failed.
/pytorch/aten/src/ATen/native/cuda/IndexKernel.cu:193: operator(): block: [0,0,0], thread: [108,0,0] Assertion `idx >= 0 && idx < self_dim_size && "index_copy_(): index out of bounds"` failed.
/pytorch/aten/src/ATen/native/cuda/IndexKernel.cu:193: operator(): block: [0,0,0], thread: [109,0,0] Assertion `idx >= 0 && idx < self_dim_size && "index_copy_(): index out of bounds"` failed.
/pytorch/aten/src/ATen/native/cuda/IndexKernel.cu:193: operator(): block: [0,0,0], thread: [110,0,0] Assertion `idx >= 0 && idx < self_dim_size && "index_copy_(): index out of bounds"` failed.
/pytorch/aten/src/ATen/native/cuda/IndexKernel.cu:193: operator(): block: [0,0,0], thread: [111,0,0] Assertion `idx >= 0 && idx < self_dim_size && "index_copy_(): index out of bounds"` failed.
/pytorch/aten/src/ATen/native/cuda/IndexKernel.cu:193: operator(): block: [0,0,0], thread: [112,0,0] Assertion `idx >= 0 && idx < self_dim_size && "index_copy_(): index out of bounds"` failed.
/pytorch/aten/src/ATen/native/cuda/IndexKernel.cu:193: operator(): block: [0,0,0], thread: [113,0,0] Assertion `idx >= 0 && idx < self_dim_size && "index_copy_(): index out of bounds"` failed.
/pytorch/aten/src/ATen/native/cuda/IndexKernel.cu:193: operator(): block: [0,0,0], thread: [114,0,0] Assertion `idx >= 0 && idx < self_dim_size && "index_copy_(): index out of bounds"` failed.
/pytorch/aten/src/ATen/native/cuda/IndexKernel.cu:193: operator(): block: [0,0,0], thread: [115,0,0] Assertion `idx >= 0 && idx < self_dim_size && "index_copy_(): index out of bounds"` failed.
/pytorch/aten/src/ATen/native/cuda/IndexKernel.cu:193: operator(): block: [0,0,0], thread: [116,0,0] Assertion `idx >= 0 && idx < self_dim_size && "index_copy_(): index out of bounds"` failed.
/pytorch/aten/src/ATen/native/cuda/IndexKernel.cu:193: operator(): block: [0,0,0], thread: [117,0,0] Assertion `idx >= 0 && idx < self_dim_size && "index_copy_(): index out of bounds"` failed.
/pytorch/aten/src/ATen/native/cuda/IndexKernel.cu:193: operator(): block: [0,0,0], thread: [118,0,0] Assertion `idx >= 0 && idx < self_dim_size && "index_copy_(): index out of bounds"` failed.
/pytorch/aten/src/ATen/native/cuda/IndexKernel.cu:193: operator(): block: [0,0,0], thread: [119,0,0] Assertion `idx >= 0 && idx < self_dim_size && "index_copy_(): index out of bounds"` failed.
/pytorch/aten/src/ATen/native/cuda/IndexKernel.cu:193: operator(): block: [0,0,0], thread: [120,0,0] Assertion `idx >= 0 && idx < self_dim_size && "index_copy_(): index out of bounds"` failed.
/pytorch/aten/src/ATen/native/cuda/IndexKernel.cu:193: operator(): block: [0,0,0], thread: [121,0,0] Assertion `idx >= 0 && idx < self_dim_size && "index_copy_(): index out of bounds"` failed.
/pytorch/aten/src/ATen/native/cuda/IndexKernel.cu:193: operator(): block: [0,0,0], thread: [122,0,0] Assertion `idx >= 0 && idx < self_dim_size && "index_copy_(): index out of bounds"` failed.
/pytorch/aten/src/ATen/native/cuda/IndexKernel.cu:193: operator(): block: [0,0,0], thread: [123,0,0] Assertion `idx >= 0 && idx < self_dim_size && "index_copy_(): index out of bounds"` failed.
/pytorch/aten/src/ATen/native/cuda/IndexKernel.cu:193: operator(): block: [0,0,0], thread: [124,0,0] Assertion `idx >= 0 && idx < self_dim_size && "index_copy_(): index out of bounds"` failed.
/pytorch/aten/src/ATen/native/cuda/IndexKernel.cu:193: operator(): block: [0,0,0], thread: [125,0,0] Assertion `idx >= 0 && idx < self_dim_size && "index_copy_(): index out of bounds"` failed.
/pytorch/aten/src/ATen/native/cuda/IndexKernel.cu:193: operator(): block: [0,0,0], thread: [126,0,0] Assertion `idx >= 0 && idx < self_dim_size && "index_copy_(): index out of bounds"` failed.
/pytorch/aten/src/ATen/native/cuda/IndexKernel.cu:193: operator(): block: [0,0,0], thread: [127,0,0] Assertion `idx >= 0 && idx < self_dim_size && "index_copy_(): index out of bounds"` failed.
{"accounted_bits": 4.2508, "accounted_bytes": 4499378176, "arm": "step", "bits": 4, "cache_arg": "static", "captured": false, "device": "NVIDIA L4", "error": "AcceleratorError: CUDA error: device-side assert triggered", "experts_impl_after": "dynquant", "experts_impl_before": "dynquant", "fp16_bytes": 16932405248, "group_size": 128, "iters": 3, "model": "/dev/shm/lfm", "modules_packed": 111, "modules_replaced": 111, "modules_skipped": 0, "modules_tied": 1, "pack_moved_experts_from": "grouped_mm", "pack_moved_experts_to": "dynquant", "pack_seconds": 101.7, "packed_bytes": 4497670144, "resident_mib": 4295.7, "router_params": 1441792, "routers_left_dense": 22, "torch": "2.11.0+cu126", "traceback_tail": "Compile with `TORCH_USE_CUDA_DSA` to enable device-side assertions."}
SWEEP2 DONE
