===== bits=4 cache=static spare=192 arm=step =====
[transformers] The following generation flags are not valid and may be ignored: ['temperature', 'top_k']. Set `TRANSFORMERS_VERBOSITY=info` for more details.
[transformers] Passing `generation_config` together with generation-related arguments=({'return_dict_in_generate'}) is deprecated and will be removed in future versions. Please pass either a `generation_config` object OR all generation parameters explicitly, but not both.
[transformers] Both `max_new_tokens` (=231) and `max_length`(=256) seem to have been set. `max_new_tokens` will take precedence. Please refer to the documentation for more information. (https://huggingface.co/docs/transformers/main/en/main_classes/text_generation)
/venv/omni/lib/python3.12/site-packages/torch/_inductor/compile_fx.py:322: UserWarning: TensorFloat32 tensor cores for float32 matrix multiplication available but not enabled. Consider setting `torch.set_float32_matmul_precision('high')` for better performance.
  warnings.warn(
W0815 09:38:20.262000 36517 torch/_inductor/utils.py:1731] [0/0] Not enough SMs to use max_autotune_gemm mode
[prefill] prompt=25 warm=231 cache=StaticCache capacity=448 cursor=255 seq=256 {'(1, 2048, 3)': [18], '()': [6], '(1, 8, 448, 64)': [12]}
{"accounted_bits": 4.2508, "accounted_bytes": 4499378176, "argmax_agrees": true, "arm": "step", "bits": 4, "cache_arg": "static", "cache_capacity": 448, "cache_cursor_after": 370, "cache_cursor_before": 255, "cache_kind": "static:StaticCache", "cache_writes": 115, "captured": true, "decode_at_position": 255, "device": "NVIDIA L4", "eager_ms": 32.65227, "experts_impl_after": "dynquant", "experts_impl_before": "dynquant", "fp16_bytes": 16932405248, "group_size": 128, "iters": 50, "max_abs_delta": 1.6875, "model": "/dev/shm/lfm", "modules_packed": 111, "modules_replaced": 111, "modules_skipped": 0, "modules_tied": 1, "pack_moved_experts_from": "grouped_mm", "pack_moved_experts_to": "dynquant", "pack_seconds": 101.9, "packed_bytes": 4497670144, "removed_ms": 24.95179, "replay_ms": 7.70048, "resident_mib": 4295.7, "router_params": 1441792, "routers_left_dense": 22, "spare": 192, "speedup": 4.24, "torch": "2.11.0+cu126"}
===== bits=4 cache=static spare=192 arm=compile =====
[transformers] The following generation flags are not valid and may be ignored: ['temperature', 'top_k']. Set `TRANSFORMERS_VERBOSITY=info` for more details.
[transformers] Passing `generation_config` together with generation-related arguments=({'return_dict_in_generate'}) is deprecated and will be removed in future versions. Please pass either a `generation_config` object OR all generation parameters explicitly, but not both.
[transformers] Both `max_new_tokens` (=231) and `max_length`(=256) seem to have been set. `max_new_tokens` will take precedence. Please refer to the documentation for more information. (https://huggingface.co/docs/transformers/main/en/main_classes/text_generation)
[prefill] prompt=25 warm=231 cache=StaticCache capacity=448 cursor=255 seq=256 {'(1, 2048, 3)': [18], '()': [6], '(1, 8, 448, 64)': [12]}
/venv/omni/lib/python3.12/site-packages/torch/_inductor/compile_fx.py:322: UserWarning: TensorFloat32 tensor cores for float32 matrix multiplication available but not enabled. Consider setting `torch.set_float32_matmul_precision('high')` for better performance.
  warnings.warn(
W0815 09:41:00.107000 37040 torch/_inductor/utils.py:1731] [0/0] Not enough SMs to use max_autotune_gemm mode
{"accounted_bits": 4.2508, "accounted_bytes": 4499378176, "argmax_agrees": true, "arm": "compile", "bits": 4, "cache_arg": "static", "cache_capacity": 448, "cache_cursor_after": 367, "cache_cursor_before": 255, "cache_kind": "static:StaticCache", "captured": true, "compile_seconds": 28.6, "compiled_ms": 6.65549, "decode_at_position": 255, "device": "NVIDIA L4", "eager_ms": 32.41368, "experts_impl_after": "dynquant", "experts_impl_before": "dynquant", "fp16_bytes": 16932405248, "graph_break_reasons": [], "graph_breaks": 0, "group_size": 128, "iters": 50, "max_abs_delta": 0.3125, "model": "/dev/shm/lfm", "modules_packed": 111, "modules_replaced": 111, "modules_skipped": 0, "modules_tied": 1, "pack_moved_experts_from": "grouped_mm", "pack_moved_experts_to": "dynquant", "pack_seconds": 99.5, "packed_bytes": 4497670144, "removed_ms": 25.75819, "resident_mib": 4295.7, "router_params": 1441792, "routers_left_dense": 22, "spare": 192, "speedup": 4.87, "torch": "2.11.0+cu126"}
===== bits=3 cache=static spare=192 arm=step =====
[transformers] The following generation flags are not valid and may be ignored: ['temperature', 'top_k']. Set `TRANSFORMERS_VERBOSITY=info` for more details.
[transformers] Passing `generation_config` together with generation-related arguments=({'return_dict_in_generate'}) is deprecated and will be removed in future versions. Please pass either a `generation_config` object OR all generation parameters explicitly, but not both.
[transformers] Both `max_new_tokens` (=231) and `max_length`(=256) seem to have been set. `max_new_tokens` will take precedence. Please refer to the documentation for more information. (https://huggingface.co/docs/transformers/main/en/main_classes/text_generation)
/venv/omni/lib/python3.12/site-packages/torch/_inductor/compile_fx.py:322: UserWarning: TensorFloat32 tensor cores for float32 matrix multiplication available but not enabled. Consider setting `torch.set_float32_matmul_precision('high')` for better performance.
  warnings.warn(
W0815 09:43:30.040000 37542 torch/_inductor/utils.py:1731] [0/0] Not enough SMs to use max_autotune_gemm mode
[prefill] prompt=25 warm=231 cache=StaticCache capacity=448 cursor=255 seq=256 {'(1, 2048, 3)': [18], '()': [6], '(1, 8, 448, 64)': [12]}
{"accounted_bits": 3.251, "accounted_bytes": 3441102848, "argmax_agrees": true, "arm": "step", "bits": 3, "cache_arg": "static", "cache_capacity": 448, "cache_cursor_after": 370, "cache_cursor_before": 255, "cache_kind": "static:StaticCache", "cache_writes": 115, "captured": true, "decode_at_position": 255, "device": "NVIDIA L4", "eager_ms": 32.16128, "experts_impl_after": "dynquant", "experts_impl_before": "dynquant", "fp16_bytes": 16932405248, "group_size": 128, "iters": 50, "max_abs_delta": 1.1875, "model": "/dev/shm/lfm", "modules_packed": 111, "modules_replaced": 111, "modules_skipped": 0, "modules_tied": 1, "pack_moved_experts_from": "grouped_mm", "pack_moved_experts_to": "dynquant", "pack_seconds": 98.5, "packed_bytes": 3439394816, "removed_ms": 25.07827, "replay_ms": 7.08301, "resident_mib": 3286.7, "router_params": 1441792, "routers_left_dense": 22, "spare": 192, "speedup": 4.541, "torch": "2.11.0+cu126"}
===== bits=3 cache=static spare=192 arm=compile =====
[transformers] The following generation flags are not valid and may be ignored: ['temperature', 'top_k']. Set `TRANSFORMERS_VERBOSITY=info` for more details.
[transformers] Passing `generation_config` together with generation-related arguments=({'return_dict_in_generate'}) is deprecated and will be removed in future versions. Please pass either a `generation_config` object OR all generation parameters explicitly, but not both.
[transformers] Both `max_new_tokens` (=231) and `max_length`(=256) seem to have been set. `max_new_tokens` will take precedence. Please refer to the documentation for more information. (https://huggingface.co/docs/transformers/main/en/main_classes/text_generation)
[prefill] prompt=25 warm=231 cache=StaticCache capacity=448 cursor=255 seq=256 {'(1, 2048, 3)': [18], '()': [6], '(1, 8, 448, 64)': [12]}
/venv/omni/lib/python3.12/site-packages/torch/_inductor/compile_fx.py:322: UserWarning: TensorFloat32 tensor cores for float32 matrix multiplication available but not enabled. Consider setting `torch.set_float32_matmul_precision('high')` for better performance.
  warnings.warn(
W0815 09:46:07.575000 37999 torch/_inductor/utils.py:1731] [0/0] Not enough SMs to use max_autotune_gemm mode
{"accounted_bits": 3.251, "accounted_bytes": 3441102848, "argmax_agrees": true, "arm": "compile", "bits": 3, "cache_arg": "static", "cache_capacity": 448, "cache_cursor_after": 367, "cache_cursor_before": 255, "cache_kind": "static:StaticCache", "captured": true, "compile_seconds": 28.2, "compiled_ms": 5.93869, "decode_at_position": 255, "device": "NVIDIA L4", "eager_ms": 32.4792, "experts_impl_after": "dynquant", "experts_impl_before": "dynquant", "fp16_bytes": 16932405248, "graph_break_reasons": [], "graph_breaks": 0, "group_size": 128, "iters": 50, "max_abs_delta": 2.2734375, "model": "/dev/shm/lfm", "modules_packed": 111, "modules_replaced": 111, "modules_skipped": 0, "modules_tied": 1, "pack_moved_experts_from": "grouped_mm", "pack_moved_experts_to": "dynquant", "pack_seconds": 98.6, "packed_bytes": 3439394816, "removed_ms": 26.54051, "resident_mib": 3286.7, "router_params": 1441792, "routers_left_dense": 22, "spare": 192, "speedup": 5.469, "torch": "2.11.0+cu126"}
SWEEP4 DONE
